{
    "version": "########",
    "terraform_version": "########",
    "serial": "########",
    "lineage": "########",
    "outputs": {},
    "resources": [
        {
            "mode": "data",
            "type": "outscale_keypairs",
            "name": "outscale_keypairs",
            "provider": "provider[\"registry.terraform.io/outscale/outscale\"]",
            "instances": [
                {
                    "schema_version": 0,
                    "attributes": {
                        "filter": "########",
                        "id": "##id-0##",
                        "keypair_names": null,
                        "keypairs": [
                            {
                                "keypair_fingerprint": "########",
                                "keypair_id": "##id-1##",
                                "keypair_name": "keyname_test_",
                                "keypair_type": "ssh-rsa",
                                "tags": []
                            },
                            {
                                "keypair_fingerprint": "########",
                                "keypair_id": "##id-2##",
                                "keypair_name": "keyname_test_2",
                                "keypair_type": "ssh-rsa",
                                "tags": []
                            }
                        ],
                        "request_id": "########"
                    },
                    "sensitive_attributes": [],
                    "identity_schema_version": 0
                }
            ]
        },
        {
            "mode": "managed",
            "type": "outscale_keypair",
            "name": "outscale_keypair",
            "provider": "provider[\"registry.terraform.io/outscale/outscale\"]",
            "instances": [
                {
                    "schema_version": 0,
                    "attributes": {
                        "id": "##id-1##",
                        "keypair_fingerprint": "########",
                        "keypair_id": "##id-1##",
                        "keypair_name": "keyname_test_",
                        "keypair_type": "ssh-rsa",
                        "private_key": "########",
                        "public_key": null,
                        "request_id": "########",
                        "tags": [],
                        "timeouts": null
                    },
                    "sensitive_attributes": [],
                    "identity_schema_version": 0
                }
            ]
        },
        {
            "mode": "managed",
            "type": "outscale_keypair",
            "name": "outscale_keypair2",
            "provider": "provider[\"registry.terraform.io/outscale/outscale\"]",
            "instances": [
                {
                    "schema_version": 0,
                    "attributes": {
                        "id": "##id-2##",
                        "keypair_fingerprint": "########",
                        "keypair_id": "##id-2##",
                        "keypair_name": "keyname_test_2",
                        "keypair_type": "ssh-rsa",
                        "private_key": "########",
                        "public_key": null,
                        "request_id": "########",
                        "tags": [],
                        "timeouts": null
                    },
                    "sensitive_attributes": [],
                    "identity_schema_version": 0
                }
            ]
        }
    ],
    "check_results": "########"
}