{
    "version": "########",
    "terraform_version": "########",
    "serial": "########",
    "lineage": "########",
    "outputs": {},
    "resources": [
        {
            "mode": "data",
            "type": "outscale_volumes",
            "name": "outscale_volumes",
            "provider": "provider[\"registry.terraform.io/outscale-dev/outscale\"]",
            "instances": [
                {
                    "schema_version": 0,
                    "attributes": {
                        "filter": "########",
                        "id": "##id-0##",
                        "request_id": "########",
                        "volume_id": null,
                        "volumes": [
                            {
                                "iops": 100,
                                "linked_volumes": [],
                                "size": 10,
                                "snapshot_id": "",
                                "state": "available",
                                "subregion_name": "###region###a",
                                "tags": [
                                    {
                                        "key": "Name",
                                        "value": "volume-io1-2"
                                    }
                                ],
                                "volume_id": "##id-1##",
                                "volume_type": "io1"
                            },
                            {
                                "iops": 100,
                                "linked_volumes": [],
                                "size": 10,
                                "snapshot_id": "",
                                "state": "available",
                                "subregion_name": "###region###a",
                                "tags": [
                                    {
                                        "key": "Key",
                                        "value": "value-tags"
                                    },
                                    {
                                        "key": "Name",
                                        "value": "volume-io1-1"
                                    }
                                ],
                                "volume_id": "##id-2##",
                                "volume_type": "io1"
                            }
                        ]
                    },
                    "sensitive_attributes": []
                }
            ]
        },
        {
            "mode": "managed",
            "type": "outscale_volume",
            "name": "outscale_volume",
            "provider": "provider[\"registry.terraform.io/outscale-dev/outscale\"]",
            "instances": [
                {
                    "schema_version": 0,
                    "attributes": {
                        "id": "##id-2##",
                        "iops": 100,
                        "linked_volumes": [],
                        "request_id": "########",
                        "size": 10,
                        "snapshot_id": "",
                        "state": "available",
                        "subregion_name": "###region###a",
                        "tags": [
                            {
                                "key": "Key",
                                "value": "value-tags"
                            },
                            {
                                "key": "Name",
                                "value": "volume-io1-1"
                            }
                        ],
                        "volume_id": "##id-2##",
                        "volume_type": "io1"
                    },
                    "sensitive_attributes": [],
                    "private": "bnVsbA=="
                }
            ]
        },
        {
            "mode": "managed",
            "type": "outscale_volume",
            "name": "outscale_volume2",
            "provider": "provider[\"registry.terraform.io/outscale-dev/outscale\"]",
            "instances": [
                {
                    "schema_version": 0,
                    "attributes": {
                        "id": "##id-1##",
                        "iops": 100,
                        "linked_volumes": [],
                        "request_id": "########",
                        "size": 10,
                        "snapshot_id": "",
                        "state": "available",
                        "subregion_name": "###region###a",
                        "tags": [
                            {
                                "key": "Name",
                                "value": "volume-io1-2"
                            }
                        ],
                        "volume_id": "##id-1##",
                        "volume_type": "io1"
                    },
                    "sensitive_attributes": [],
                    "private": "bnVsbA=="
                }
            ]
        }
    ]
}