{
    "version": "########",
    "terraform_version": "########",
    "serial": "########",
    "lineage": "########",
    "outputs": {},
    "resources": [
        {
            "mode": "managed",
            "type": "outscale_net",
            "name": "outscale_net",
            "provider": "provider[\"registry.terraform.io/outscale/outscale\"]",
            "instances": [
                {
                    "schema_version": 0,
                    "attributes": {
                        "dhcp_options_set_id": "##id-0##",
                        "id": "##id-1##",
                        "ip_range": "10.0.0.0/16",
                        "net_id": "##id-1##",
                        "request_id": "########",
                        "state": "available",
                        "tags": [],
                        "tenancy": "default"
                    },
                    "sensitive_attributes": [],
                    "private": "bnVsbA=="
                }
            ]
        },
        {
            "mode": "managed",
            "type": "outscale_nic",
            "name": "outscale_nic",
            "provider": "provider[\"registry.terraform.io/outscale/outscale\"]",
            "instances": [
                {
                    "schema_version": 0,
                    "attributes": {
                        "account_id": "##id-2##",
                        "description": "",
                        "id": "##id-3##",
                        "is_source_dest_checked": true,
                        "link_nic": {
                            "delete_on_vm_deletion": "false",
                            "device_number": "0",
                            "link_nic_id": "",
                            "state": "",
                            "vm_account_id": "",
                            "vm_id": ""
                        },
                        "link_public_ip": {
                            "link_public_ip_id": "",
                            "public_dns_name": "########",
                            "public_ip": "########",
                            "public_ip_account_id": "",
                            "public_ip_id": ""
                        },
                        "mac_address": "########",
                        "net_id": "##id-1##",
                        "nic_id": "##id-3##",
                        "private_dns_name": "########",
                        "private_ip": "########",
                        "private_ips": [
                            {
                                "is_primary": true,
                                "link_public_ip": {
                                    "link_public_ip_id": "",
                                    "public_dns_name": "########",
                                    "public_ip": "########",
                                    "public_ip_account_id": "",
                                    "public_ip_id": ""
                                },
                                "private_dns_name": "########",
                                "private_ip": "########"
                            }
                        ],
                        "request_id": "########",
                        "requester_managed": null,
                        "security_group_ids": null,
                        "security_groups": [
                            {
                                "security_group_id": "##id-4##",
                                "security_group_name": "default"
                            }
                        ],
                        "state": "available",
                        "subnet_id": "##id-5##",
                        "subregion_name": "###region###a",
                        "tags": [],
                        "timeouts": null
                    },
                    "sensitive_attributes": [],
                    "private": "eyJlMmJmYjczMC1lY2FhLTExZTYtOGY4OC0zNDM2M2JjN2M0YzAiOnsiY3JlYXRlIjo2MDAwMDAwMDAwMDAsImRlbGV0ZSI6NjAwMDAwMDAwMDAwfX0=",
                    "dependencies": [
                        "outscale_net.outscale_net",
                        "outscale_subnet.outscale_subnet"
                    ]
                }
            ]
        },
        {
            "mode": "managed",
            "type": "outscale_nic_private_ip",
            "name": "outscale_nic_private_ip",
            "provider": "provider[\"registry.terraform.io/outscale/outscale\"]",
            "instances": [
                {
                    "schema_version": 0,
                    "attributes": {
                        "allow_relink": false,
                        "id": "##id-3##",
                        "nic_id": "##id-3##",
                        "primary_private_ip": "10.0.67.45",
                        "private_ips": [
                            "10.0.45.67"
                        ],
                        "request_id": "########",
                        "secondary_private_ip_count": 1
                    },
                    "sensitive_attributes": [],
                    "private": "bnVsbA==",
                    "dependencies": [
                        "outscale_net.outscale_net",
                        "outscale_nic.outscale_nic",
                        "outscale_subnet.outscale_subnet"
                    ]
                }
            ]
        },
        {
            "mode": "managed",
            "type": "outscale_subnet",
            "name": "outscale_subnet",
            "provider": "provider[\"registry.terraform.io/outscale/outscale\"]",
            "instances": [
                {
                    "schema_version": 0,
                    "attributes": {
                        "available_ips_count": 65531,
                        "id": "##id-5##",
                        "ip_range": "10.0.0.0/16",
                        "map_public_ip_on_launch": false,
                        "net_id": "##id-1##",
                        "request_id": "########",
                        "state": "available",
                        "subnet_id": "##id-5##",
                        "subregion_name": "###region###a",
                        "tags": [],
                        "timeouts": null
                    },
                    "sensitive_attributes": [],
                    "private": "eyJlMmJmYjczMC1lY2FhLTExZTYtOGY4OC0zNDM2M2JjN2M0YzAiOnsiY3JlYXRlIjo2MDAwMDAwMDAwMDAsImRlbGV0ZSI6NjAwMDAwMDAwMDAwfX0=",
                    "dependencies": [
                        "outscale_net.outscale_net"
                    ]
                }
            ]
        }
    ],
    "check_results": "########"
}