{
    "version": "########",
    "terraform_version": "########",
    "serial": "########",
    "lineage": "########",
    "outputs": {},
    "resources": [
        {
            "mode": "data",
            "type": "outscale_user_groups_per_user",
            "name": "usegroups_per_user01",
            "provider": "provider[\"registry.terraform.io/outscale/outscale\"]",
            "instances": [
                {
                    "schema_version": 0,
                    "attributes": {
                        "id": "##id-0##",
                        "user_groups": [],
                        "user_name": "########",
                        "user_path": "/terraform/"
                    },
                    "sensitive_attributes": [],
                    "identity_schema_version": 0
                }
            ]
        },
        {
            "mode": "managed",
            "type": "outscale_user",
            "name": "user-1",
            "provider": "provider[\"registry.terraform.io/outscale/outscale\"]",
            "instances": [
                {
                    "schema_version": 0,
                    "attributes": {
                        "creation_date": "########",
                        "id": "##id-1##",
                        "last_modification_date": "########",
                        "path": "/terraform/",
                        "policy": [],
                        "user_email": "customer-tooling@outscale.com",
                        "user_id": "##id-1##",
                        "user_name": "########"
                    },
                    "sensitive_attributes": [],
                    "identity_schema_version": 0,
                    "private": "########",
                    "dependencies": [
                        "random_string.suffix"
                    ]
                }
            ]
        },
        {
            "mode": "managed",
            "type": "outscale_user_group",
            "name": "group-1",
            "provider": "provider[\"registry.terraform.io/outscale/outscale\"]",
            "instances": [
                {
                    "schema_version": 0,
                    "attributes": {
                        "creation_date": "########",
                        "id": "##id-2##",
                        "last_modification_date": "########",
                        "orn": "########",
                        "path": "/terraform/",
                        "policy": [],
                        "user": [
                            {
                                "creation_date": "########",
                                "last_modification_date": "########",
                                "path": "/terraform/",
                                "user_id": "##id-1##",
                                "user_name": "########"
                            }
                        ],
                        "user_group_id": "##id-2##",
                        "user_group_name": "########"
                    },
                    "sensitive_attributes": [],
                    "identity_schema_version": 0,
                    "private": "########",
                    "dependencies": [
                        "outscale_user.user-1",
                        "random_string.suffix"
                    ]
                }
            ]
        },
        {
            "mode": "managed",
            "type": "outscale_user_group",
            "name": "group-2",
            "provider": "provider[\"registry.terraform.io/outscale/outscale\"]",
            "instances": [
                {
                    "schema_version": 0,
                    "attributes": {
                        "creation_date": "########",
                        "id": "##id-3##",
                        "last_modification_date": "########",
                        "orn": "########",
                        "path": "/terraform3/",
                        "policy": [],
                        "user": [
                            {
                                "creation_date": "########",
                                "last_modification_date": "########",
                                "path": "/terraform/",
                                "user_id": "##id-1##",
                                "user_name": "########"
                            }
                        ],
                        "user_group_id": "##id-3##",
                        "user_group_name": "########"
                    },
                    "sensitive_attributes": [],
                    "identity_schema_version": 0,
                    "private": "########",
                    "dependencies": [
                        "outscale_user.user-1",
                        "random_string.suffix"
                    ]
                }
            ]
        }
    ],
    "check_results": "########"
}