{
    "version": "########",
    "terraform_version": "########",
    "serial": "########",
    "lineage": "########",
    "outputs": {},
    "resources": [
        {
            "mode": "data",
            "type": "outscale_vms",
            "name": "outscale_vms",
            "provider": "provider[\"registry.terraform.io/outscale/outscale\"]",
            "instances": [
                {
                    "schema_version": 0,
                    "attributes": {
                        "filter": "########",
                        "id": "##id-0##",
                        "request_id": "########",
                        "vms": [
                            {
                                "architecture": "x86_64",
                                "block_device_mappings_created": [
                                    {
                                        "boot_disk_tags": [],
                                        "bsu": {
                                            "delete_on_vm_deletion": "true",
                                            "link_date": "########",
                                            "state": "attached",
                                            "volume_id": "##id-1##"
                                        },
                                        "device_name": "/dev/sda1"
                                    }
                                ],
                                "bsu_optimized": false,
                                "client_token": "",
                                "creation_date": "########",
                                "deletion_protection": false,
                                "hypervisor": "xen",
                                "image_id": "##id-2##",
                                "is_source_dest_checked": true,
                                "keypair_name": "KP-TF151",
                                "launch_number": 0,
                                "nested_virtualization": false,
                                "net_id": "",
                                "nics": [],
                                "os_family": "",
                                "performance": "high",
                                "placement_subregion_name": "###region###a",
                                "placement_tenancy": "default",
                                "private_dns_name": "########",
                                "private_ip": "########",
                                "private_ips": [],
                                "product_codes": [
                                    "0001"
                                ],
                                "public_dns_name": "########",
                                "public_ip": "########",
                                "request_id": "########",
                                "reservation_id": "##id-3##",
                                "root_device_name": "/dev/sda1",
                                "root_device_type": "ebs",
                                "security_group_ids": [],
                                "security_group_names": [],
                                "security_groups": [
                                    {
                                        "security_group_id": "##id-4##",
                                        "security_group_name": "default"
                                    }
                                ],
                                "state": "running",
                                "state_reason": "",
                                "subnet_id": "",
                                "tags": [],
                                "user_data": "",
                                "vm_id": "##id-5##",
                                "vm_initiated_shutdown_behavior": "stop",
                                "vm_type": "###vm_type###"
                            },
                            {
                                "architecture": "x86_64",
                                "block_device_mappings_created": [
                                    {
                                        "boot_disk_tags": [],
                                        "bsu": {
                                            "delete_on_vm_deletion": "true",
                                            "link_date": "########",
                                            "state": "attached",
                                            "volume_id": "##id-6##"
                                        },
                                        "device_name": "/dev/sda1"
                                    }
                                ],
                                "bsu_optimized": false,
                                "client_token": "",
                                "creation_date": "########",
                                "deletion_protection": false,
                                "hypervisor": "xen",
                                "image_id": "##id-2##",
                                "is_source_dest_checked": true,
                                "keypair_name": "KP-TF151",
                                "launch_number": 0,
                                "nested_virtualization": false,
                                "net_id": "",
                                "nics": [],
                                "os_family": "",
                                "performance": "high",
                                "placement_subregion_name": "###region###a",
                                "placement_tenancy": "default",
                                "private_dns_name": "########",
                                "private_ip": "########",
                                "private_ips": [],
                                "product_codes": [
                                    "0001"
                                ],
                                "public_dns_name": "########",
                                "public_ip": "########",
                                "request_id": "########",
                                "reservation_id": "##id-7##",
                                "root_device_name": "/dev/sda1",
                                "root_device_type": "ebs",
                                "security_group_ids": [],
                                "security_group_names": [],
                                "security_groups": [
                                    {
                                        "security_group_id": "##id-4##",
                                        "security_group_name": "default"
                                    }
                                ],
                                "state": "running",
                                "state_reason": "",
                                "subnet_id": "",
                                "tags": [],
                                "user_data": "",
                                "vm_id": "##id-8##",
                                "vm_initiated_shutdown_behavior": "stop",
                                "vm_type": "###vm_type###"
                            }
                        ]
                    },
                    "sensitive_attributes": []
                }
            ]
        },
        {
            "mode": "data",
            "type": "outscale_vms",
            "name": "outscale_vms-2",
            "provider": "provider[\"registry.terraform.io/outscale/outscale\"]",
            "instances": [
                {
                    "schema_version": 0,
                    "attributes": {
                        "filter": "########",
                        "id": "##id-9##",
                        "request_id": "########",
                        "vms": [
                            {
                                "architecture": "x86_64",
                                "block_device_mappings_created": [
                                    {
                                        "boot_disk_tags": [],
                                        "bsu": {
                                            "delete_on_vm_deletion": "true",
                                            "link_date": "########",
                                            "state": "attached",
                                            "volume_id": "##id-10##"
                                        },
                                        "device_name": "/dev/sda1"
                                    }
                                ],
                                "bsu_optimized": false,
                                "client_token": "",
                                "creation_date": "########",
                                "deletion_protection": false,
                                "hypervisor": "xen",
                                "image_id": "##id-2##",
                                "is_source_dest_checked": true,
                                "keypair_name": "KP-TF151",
                                "launch_number": 0,
                                "nested_virtualization": false,
                                "net_id": "",
                                "nics": [],
                                "os_family": "",
                                "performance": "high",
                                "placement_subregion_name": "###region###a",
                                "placement_tenancy": "default",
                                "private_dns_name": "########",
                                "private_ip": "########",
                                "private_ips": [],
                                "product_codes": [
                                    "0001"
                                ],
                                "public_dns_name": "########",
                                "public_ip": "########",
                                "request_id": "########",
                                "reservation_id": "##id-11##",
                                "root_device_name": "/dev/sda1",
                                "root_device_type": "ebs",
                                "security_group_ids": [],
                                "security_group_names": [],
                                "security_groups": [
                                    {
                                        "security_group_id": "##id-4##",
                                        "security_group_name": "default"
                                    }
                                ],
                                "state": "running",
                                "state_reason": "",
                                "subnet_id": "",
                                "tags": [
                                    {
                                        "key": "Key",
                                        "value": "value-tags"
                                    },
                                    {
                                        "key": "name-B",
                                        "value": "test-B"
                                    }
                                ],
                                "user_data": "",
                                "vm_id": "##id-12##",
                                "vm_initiated_shutdown_behavior": "stop",
                                "vm_type": "###vm_type###"
                            }
                        ]
                    },
                    "sensitive_attributes": []
                }
            ]
        },
        {
            "mode": "data",
            "type": "outscale_vms",
            "name": "outscale_vms-3",
            "provider": "provider[\"registry.terraform.io/outscale/outscale\"]",
            "instances": [
                {
                    "schema_version": 0,
                    "attributes": {
                        "filter": "########",
                        "id": "##id-13##",
                        "request_id": "########",
                        "vms": [
                            {
                                "architecture": "x86_64",
                                "block_device_mappings_created": [
                                    {
                                        "boot_disk_tags": [],
                                        "bsu": {
                                            "delete_on_vm_deletion": "true",
                                            "link_date": "########",
                                            "state": "attached",
                                            "volume_id": "##id-10##"
                                        },
                                        "device_name": "/dev/sda1"
                                    }
                                ],
                                "bsu_optimized": false,
                                "client_token": "",
                                "creation_date": "########",
                                "deletion_protection": false,
                                "hypervisor": "xen",
                                "image_id": "##id-2##",
                                "is_source_dest_checked": true,
                                "keypair_name": "KP-TF151",
                                "launch_number": 0,
                                "nested_virtualization": false,
                                "net_id": "",
                                "nics": [],
                                "os_family": "",
                                "performance": "high",
                                "placement_subregion_name": "###region###a",
                                "placement_tenancy": "default",
                                "private_dns_name": "########",
                                "private_ip": "########",
                                "private_ips": [],
                                "product_codes": [
                                    "0001"
                                ],
                                "public_dns_name": "########",
                                "public_ip": "########",
                                "request_id": "########",
                                "reservation_id": "##id-11##",
                                "root_device_name": "/dev/sda1",
                                "root_device_type": "ebs",
                                "security_group_ids": [],
                                "security_group_names": [],
                                "security_groups": [
                                    {
                                        "security_group_id": "##id-4##",
                                        "security_group_name": "default"
                                    }
                                ],
                                "state": "running",
                                "state_reason": "",
                                "subnet_id": "",
                                "tags": [
                                    {
                                        "key": "Key",
                                        "value": "value-tags"
                                    },
                                    {
                                        "key": "name-B",
                                        "value": "test-B"
                                    }
                                ],
                                "user_data": "",
                                "vm_id": "##id-12##",
                                "vm_initiated_shutdown_behavior": "stop",
                                "vm_type": "###vm_type###"
                            }
                        ]
                    },
                    "sensitive_attributes": []
                }
            ]
        },
        {
            "mode": "data",
            "type": "outscale_vms",
            "name": "outscale_vms-4",
            "provider": "provider[\"registry.terraform.io/outscale/outscale\"]",
            "instances": [
                {
                    "schema_version": 0,
                    "attributes": {
                        "filter": "########",
                        "id": "##id-14##",
                        "request_id": "########",
                        "vms": [
                            {
                                "architecture": "x86_64",
                                "block_device_mappings_created": [
                                    {
                                        "boot_disk_tags": [],
                                        "bsu": {
                                            "delete_on_vm_deletion": "true",
                                            "link_date": "########",
                                            "state": "attached",
                                            "volume_id": "##id-10##"
                                        },
                                        "device_name": "/dev/sda1"
                                    }
                                ],
                                "bsu_optimized": false,
                                "client_token": "",
                                "creation_date": "########",
                                "deletion_protection": false,
                                "hypervisor": "xen",
                                "image_id": "##id-2##",
                                "is_source_dest_checked": true,
                                "keypair_name": "KP-TF151",
                                "launch_number": 0,
                                "nested_virtualization": false,
                                "net_id": "",
                                "nics": [],
                                "os_family": "",
                                "performance": "high",
                                "placement_subregion_name": "###region###a",
                                "placement_tenancy": "default",
                                "private_dns_name": "########",
                                "private_ip": "########",
                                "private_ips": [],
                                "product_codes": [
                                    "0001"
                                ],
                                "public_dns_name": "########",
                                "public_ip": "########",
                                "request_id": "########",
                                "reservation_id": "##id-11##",
                                "root_device_name": "/dev/sda1",
                                "root_device_type": "ebs",
                                "security_group_ids": [],
                                "security_group_names": [],
                                "security_groups": [
                                    {
                                        "security_group_id": "##id-4##",
                                        "security_group_name": "default"
                                    }
                                ],
                                "state": "running",
                                "state_reason": "",
                                "subnet_id": "",
                                "tags": [
                                    {
                                        "key": "Key",
                                        "value": "value-tags"
                                    },
                                    {
                                        "key": "name-B",
                                        "value": "test-B"
                                    }
                                ],
                                "user_data": "",
                                "vm_id": "##id-12##",
                                "vm_initiated_shutdown_behavior": "stop",
                                "vm_type": "###vm_type###"
                            }
                        ]
                    },
                    "sensitive_attributes": []
                }
            ]
        },
        {
            "mode": "managed",
            "type": "outscale_keypair",
            "name": "my_keypair",
            "provider": "provider[\"registry.terraform.io/outscale/outscale\"]",
            "instances": [
                {
                    "schema_version": 0,
                    "attributes": {
                        "id": "##id-15##",
                        "keypair_fingerprint": "########",
                        "keypair_name": "KP-TF151",
                        "private_key": "########",
                        "public_key": null,
                        "request_id": "########",
                        "timeouts": null
                    },
                    "sensitive_attributes": [],
                    "private": "eyJlMmJmYjczMC1lY2FhLTExZTYtOGY4OC0zNDM2M2JjN2M0YzAiOnsiY3JlYXRlIjo2MDAwMDAwMDAwMDAsImRlbGV0ZSI6NjAwMDAwMDAwMDAwLCJyZWFkIjo2MDAwMDAwMDAwMDB9fQ=="
                }
            ]
        },
        {
            "mode": "managed",
            "type": "outscale_vm",
            "name": "outscale_vm_centos",
            "provider": "provider[\"registry.terraform.io/outscale/outscale\"]",
            "instances": [
                {
                    "index_key": 0,
                    "schema_version": 0,
                    "attributes": {
                        "admin_password": "",
                        "architecture": "x86_64",
                        "block_device_mappings": [],
                        "block_device_mappings_created": [
                            {
                                "boot_disk_tags": [],
                                "bsu": {
                                    "delete_on_vm_deletion": "true",
                                    "link_date": "########",
                                    "state": "attached",
                                    "volume_id": "##id-6##"
                                },
                                "device_name": "/dev/sda1"
                            }
                        ],
                        "boot_disk_tags": [],
                        "bsu_optimized": false,
                        "client_token": "",
                        "creation_date": "########",
                        "deletion_protection": false,
                        "get_admin_password": null,
                        "hypervisor": "xen",
                        "id": "##id-8##",
                        "image_id": "##id-2##",
                        "is_source_dest_checked": true,
                        "keypair_name": "KP-TF151",
                        "launch_number": 0,
                        "nested_virtualization": false,
                        "net_id": "",
                        "nics": [],
                        "os_family": "",
                        "performance": "high",
                        "placement_subregion_name": "###region###a",
                        "placement_tenancy": "default",
                        "private_dns_name": "########",
                        "private_ip": "########",
                        "private_ips": null,
                        "product_codes": [
                            "0001"
                        ],
                        "public_dns_name": "########",
                        "public_ip": "########",
                        "request_id": "########",
                        "reservation_id": "##id-7##",
                        "root_device_name": "/dev/sda1",
                        "root_device_type": "ebs",
                        "security_group_ids": null,
                        "security_group_names": null,
                        "security_groups": [
                            {
                                "security_group_id": "##id-4##",
                                "security_group_name": "default"
                            }
                        ],
                        "state": "running",
                        "state_reason": "",
                        "subnet_id": "",
                        "tags": [],
                        "timeouts": null,
                        "user_data": "",
                        "vm_id": "##id-8##",
                        "vm_initiated_shutdown_behavior": "stop",
                        "vm_type": "###vm_type###"
                    },
                    "sensitive_attributes": [],
                    "private": "eyJlMmJmYjczMC1lY2FhLTExZTYtOGY4OC0zNDM2M2JjN2M0YzAiOnsiY3JlYXRlIjo2MDAwMDAwMDAwMDAsImRlbGV0ZSI6NjAwMDAwMDAwMDAwLCJ1cGRhdGUiOjYwMDAwMDAwMDAwMH19",
                    "dependencies": [
                        "outscale_keypair.my_keypair"
                    ]
                },
                {
                    "index_key": 1,
                    "schema_version": 0,
                    "attributes": {
                        "admin_password": "",
                        "architecture": "x86_64",
                        "block_device_mappings": [],
                        "block_device_mappings_created": [
                            {
                                "boot_disk_tags": [],
                                "bsu": {
                                    "delete_on_vm_deletion": "true",
                                    "link_date": "########",
                                    "state": "attached",
                                    "volume_id": "##id-1##"
                                },
                                "device_name": "/dev/sda1"
                            }
                        ],
                        "boot_disk_tags": [],
                        "bsu_optimized": false,
                        "client_token": "",
                        "creation_date": "########",
                        "deletion_protection": false,
                        "get_admin_password": null,
                        "hypervisor": "xen",
                        "id": "##id-5##",
                        "image_id": "##id-2##",
                        "is_source_dest_checked": true,
                        "keypair_name": "KP-TF151",
                        "launch_number": 0,
                        "nested_virtualization": false,
                        "net_id": "",
                        "nics": [],
                        "os_family": "",
                        "performance": "high",
                        "placement_subregion_name": "###region###a",
                        "placement_tenancy": "default",
                        "private_dns_name": "########",
                        "private_ip": "########",
                        "private_ips": null,
                        "product_codes": [
                            "0001"
                        ],
                        "public_dns_name": "########",
                        "public_ip": "########",
                        "request_id": "########",
                        "reservation_id": "##id-3##",
                        "root_device_name": "/dev/sda1",
                        "root_device_type": "ebs",
                        "security_group_ids": null,
                        "security_group_names": null,
                        "security_groups": [
                            {
                                "security_group_id": "##id-4##",
                                "security_group_name": "default"
                            }
                        ],
                        "state": "running",
                        "state_reason": "",
                        "subnet_id": "",
                        "tags": [],
                        "timeouts": null,
                        "user_data": "",
                        "vm_id": "##id-5##",
                        "vm_initiated_shutdown_behavior": "stop",
                        "vm_type": "###vm_type###"
                    },
                    "sensitive_attributes": [],
                    "private": "eyJlMmJmYjczMC1lY2FhLTExZTYtOGY4OC0zNDM2M2JjN2M0YzAiOnsiY3JlYXRlIjo2MDAwMDAwMDAwMDAsImRlbGV0ZSI6NjAwMDAwMDAwMDAwLCJ1cGRhdGUiOjYwMDAwMDAwMDAwMH19",
                    "dependencies": [
                        "outscale_keypair.my_keypair"
                    ]
                }
            ]
        },
        {
            "mode": "managed",
            "type": "outscale_vm",
            "name": "outscale_vm_tags",
            "provider": "provider[\"registry.terraform.io/outscale/outscale\"]",
            "instances": [
                {
                    "schema_version": 0,
                    "attributes": {
                        "admin_password": "",
                        "architecture": "x86_64",
                        "block_device_mappings": [],
                        "block_device_mappings_created": [
                            {
                                "boot_disk_tags": [],
                                "bsu": {
                                    "delete_on_vm_deletion": "true",
                                    "link_date": "########",
                                    "state": "attached",
                                    "volume_id": "##id-10##"
                                },
                                "device_name": "/dev/sda1"
                            }
                        ],
                        "boot_disk_tags": [],
                        "bsu_optimized": false,
                        "client_token": "",
                        "creation_date": "########",
                        "deletion_protection": false,
                        "get_admin_password": null,
                        "hypervisor": "xen",
                        "id": "##id-12##",
                        "image_id": "##id-2##",
                        "is_source_dest_checked": true,
                        "keypair_name": "KP-TF151",
                        "launch_number": 0,
                        "nested_virtualization": false,
                        "net_id": "",
                        "nics": [],
                        "os_family": "",
                        "performance": "high",
                        "placement_subregion_name": "###region###a",
                        "placement_tenancy": "default",
                        "private_dns_name": "########",
                        "private_ip": "########",
                        "private_ips": null,
                        "product_codes": [
                            "0001"
                        ],
                        "public_dns_name": "########",
                        "public_ip": "########",
                        "request_id": "########",
                        "reservation_id": "##id-11##",
                        "root_device_name": "/dev/sda1",
                        "root_device_type": "ebs",
                        "security_group_ids": null,
                        "security_group_names": null,
                        "security_groups": [
                            {
                                "security_group_id": "##id-4##",
                                "security_group_name": "default"
                            }
                        ],
                        "state": "running",
                        "state_reason": "",
                        "subnet_id": "",
                        "tags": [
                            {
                                "key": "Key",
                                "value": "value-tags"
                            },
                            {
                                "key": "name-B",
                                "value": "test-B"
                            }
                        ],
                        "timeouts": null,
                        "user_data": "",
                        "vm_id": "##id-12##",
                        "vm_initiated_shutdown_behavior": "stop",
                        "vm_type": "###vm_type###"
                    },
                    "sensitive_attributes": [],
                    "private": "eyJlMmJmYjczMC1lY2FhLTExZTYtOGY4OC0zNDM2M2JjN2M0YzAiOnsiY3JlYXRlIjo2MDAwMDAwMDAwMDAsImRlbGV0ZSI6NjAwMDAwMDAwMDAwLCJ1cGRhdGUiOjYwMDAwMDAwMDAwMH19",
                    "dependencies": [
                        "outscale_keypair.my_keypair"
                    ]
                }
            ]
        }
    ],
    "check_results": "########"
}