{
    "version": "########",
    "terraform_version": "########",
    "serial": "########",
    "lineage": "########",
    "outputs": {},
    "resources": [
        {
            "mode": "data",
            "type": "outscale_virtual_gateway",
            "name": "outscale_vpn_gateway",
            "provider": "provider[\"registry.terraform.io/outscale/outscale\"]",
            "instances": [
                {
                    "schema_version": 0,
                    "attributes": {
                        "connection_type": "ipsec.1",
                        "filter": "########",
                        "id": "##id-0##",
                        "net_to_virtual_gateway_links": [
                            {
                                "net_id": "##id-1##",
                                "state": "attached"
                            }
                        ],
                        "request_id": "########",
                        "state": "available",
                        "tags": [
                            {
                                "key": "Key",
                                "value": "value-tags"
                            },
                            {
                                "key": "Project-Datasource",
                                "value": "Terraform-Datasource"
                            }
                        ],
                        "virtual_gateway_id": null
                    },
                    "sensitive_attributes": [],
                    "identity_schema_version": 0
                }
            ]
        },
        {
            "mode": "managed",
            "type": "outscale_net",
            "name": "outscale_net",
            "provider": "provider[\"registry.terraform.io/outscale/outscale\"]",
            "instances": [
                {
                    "schema_version": 0,
                    "attributes": {
                        "dhcp_options_set_id": "##id-2##",
                        "id": "##id-1##",
                        "ip_range": "10.0.0.0/16",
                        "net_id": "##id-1##",
                        "request_id": "########",
                        "state": "available",
                        "tags": [],
                        "tenancy": "default",
                        "timeouts": null
                    },
                    "sensitive_attributes": [],
                    "identity_schema_version": 0
                }
            ]
        },
        {
            "mode": "managed",
            "type": "outscale_virtual_gateway",
            "name": "outscale_virtual_gateway",
            "provider": "provider[\"registry.terraform.io/outscale/outscale\"]",
            "instances": [
                {
                    "schema_version": 0,
                    "attributes": {
                        "connection_type": "ipsec.1",
                        "id": "##id-0##",
                        "net_to_virtual_gateway_links": [],
                        "request_id": "########",
                        "state": "available",
                        "tags": [
                            {
                                "key": "Key",
                                "value": "value-tags"
                            },
                            {
                                "key": "Project-Datasource",
                                "value": "Terraform-Datasource"
                            }
                        ],
                        "timeouts": null,
                        "virtual_gateway_id": "##id-0##"
                    },
                    "sensitive_attributes": [],
                    "identity_schema_version": 0,
                    "private": "########"
                }
            ]
        },
        {
            "mode": "managed",
            "type": "outscale_virtual_gateway_link",
            "name": "outscale_virtual_gateway_link",
            "provider": "provider[\"registry.terraform.io/outscale/outscale\"]",
            "instances": [
                {
                    "schema_version": 0,
                    "attributes": {
                        "dry_run": null,
                        "id": "##id-0##",
                        "net_id": "##id-1##",
                        "net_to_virtual_gateway_links": [
                            {
                                "net_id": "##id-1##",
                                "state": "attached"
                            }
                        ],
                        "request_id": "########",
                        "timeouts": null,
                        "virtual_gateway_id": "##id-0##"
                    },
                    "sensitive_attributes": [],
                    "identity_schema_version": 0,
                    "private": "########",
                    "dependencies": [
                        "outscale_net.outscale_net",
                        "outscale_virtual_gateway.outscale_virtual_gateway"
                    ]
                }
            ]
        }
    ],
    "check_results": "########"
}