{
    "version": "########",
    "terraform_version": "########",
    "serial": "########",
    "lineage": "########",
    "outputs": {},
    "resources": [
        {
            "mode": "data",
            "type": "outscale_vm_types",
            "name": "vm_types_4",
            "provider": "provider[\"registry.terraform.io/outscale/outscale\"]",
            "instances": [
                {
                    "schema_version": 0,
                    "attributes": {
                        "filter": "########",
                        "id": "##id-0##",
                        "request_id": "########",
                        "vm_types": [
                            {
                                "bsu_optimized": false,
                                "max_private_ips": 10,
                                "memory_size": 8,
                                "vcore_count": 2,
                                "vm_type_name": "m3.large",
                                "volume_count": 1,
                                "volume_size": 32
                            }
                        ]
                    },
                    "sensitive_attributes": [],
                    "identity_schema_version": 0
                }
            ]
        }
    ],
    "check_results": "########"
}