{
    "version": "########",
    "terraform_version": "########",
    "serial": "########",
    "lineage": "########",
    "outputs": {},
    "resources": [
        {
            "mode": "data",
            "type": "outscale_net",
            "name": "outscale_net",
            "provider": "provider[\"local/test/outscale\"]",
            "instances": [
                {
                    "schema_version": 0,
                    "attributes": {
                        "dhcp_options_set_id": "##id-0##",
                        "filter": "########",
                        "id": "##id-1##",
                        "ip_range": "10.0.0.0/18",
                        "net_id": "##id-1##",
                        "request_id": "########",
                        "state": "available",
                        "tags": [
                            {
                                "key": "Name",
                                "value": "outscale_net_resource"
                            },
                            {
                                "key": "VerSion",
                                "value": "1Q84"
                            }
                        ],
                        "tenancy": "default"
                    },
                    "sensitive_attributes": []
                }
            ]
        },
        {
            "mode": "managed",
            "type": "outscale_net",
            "name": "outscale_net",
            "provider": "provider[\"local/test/outscale\"]",
            "instances": [
                {
                    "schema_version": 0,
                    "attributes": {
                        "dhcp_options_set_id": "##id-0##",
                        "id": "##id-1##",
                        "ip_range": "10.0.0.0/18",
                        "net_id": "##id-1##",
                        "request_id": "########",
                        "state": "available",
                        "tags": [
                            {
                                "key": "Name",
                                "value": "outscale_net_resource"
                            },
                            {
                                "key": "VerSion",
                                "value": "1Q84"
                            }
                        ],
                        "tenancy": "default"
                    },
                    "sensitive_attributes": [],
                    "private": "bnVsbA=="
                }
            ]
        }
    ]
}