{
    "version": "########",
    "terraform_version": "########",
    "serial": "########",
    "lineage": "########",
    "outputs": {},
    "resources": [
        {
            "mode": "data",
            "type": "outscale_product_types",
            "name": "all-product-types",
            "provider": "provider[\"registry.terraform.io/outscale-dev/outscale\"]",
            "instances": [
                {
                    "schema_version": 0,
                    "attributes": {
                        "filter": "########",
                        "id": "##id-0##",
                        "product_types": [
                            {
                                "description": "Linux/UNIX",
                                "product_type_id": "##id-1##",
                                "vendor": ""
                            },
                            {
                                "description": "Windows",
                                "product_type_id": "##id-2##",
                                "vendor": "Microsoft"
                            },
                            {
                                "description": "MapR",
                                "product_type_id": "##id-3##",
                                "vendor": "MapR"
                            },
                            {
                                "description": "LINUX ORACLE",
                                "product_type_id": "##id-4##",
                                "vendor": "Oracle"
                            },
                            {
                                "description": "Windows 10",
                                "product_type_id": "##id-5##",
                                "vendor": "Microsoft"
                            },
                            {
                                "description": "RHEL",
                                "product_type_id": "##id-6##",
                                "vendor": "RedHat"
                            },
                            {
                                "description": "SQL Server Web",
                                "product_type_id": "##id-7##",
                                "vendor": "Microsoft"
                            },
                            {
                                "description": "SQL Server Standard",
                                "product_type_id": "##id-8##",
                                "vendor": "Microsoft"
                            },
                            {
                                "description": "SQL Server Entreprise",
                                "product_type_id": "##id-9##",
                                "vendor": "Microsoft"
                            }
                        ],
                        "request_id": "########"
                    },
                    "sensitive_attributes": []
                }
            ]
        }
    ]
}