{
    "version": "########",
    "terraform_version": "########",
    "serial": "########",
    "lineage": "########",
    "outputs": {},
    "resources": [
        {
            "mode": "managed",
            "type": "outscale_internet_service",
            "name": "outscale_internet_service",
            "provider": "provider[\"local/test/outscale\"]",
            "instances": [
                {
                    "schema_version": 0,
                    "attributes": {
                        "id": "##id-0##",
                        "internet_service_id": "##id-0##",
                        "net_id": "##id-1##",
                        "request_id": "########",
                        "state": "available",
                        "tags": []
                    },
                    "sensitive_attributes": [],
                    "private": "bnVsbA=="
                }
            ]
        },
        {
            "mode": "managed",
            "type": "outscale_internet_service_link",
            "name": "outscale_internet_service_link",
            "provider": "provider[\"local/test/outscale\"]",
            "instances": [
                {
                    "schema_version": 0,
                    "attributes": {
                        "id": "##id-0##",
                        "internet_service_id": "##id-0##",
                        "net_id": "##id-1##",
                        "request_id": "########",
                        "state": "available",
                        "tags": []
                    },
                    "sensitive_attributes": [],
                    "private": "bnVsbA==",
                    "dependencies": [
                        "outscale_internet_service.outscale_internet_service",
                        "outscale_net.outscale_net"
                    ]
                }
            ]
        },
        {
            "mode": "managed",
            "type": "outscale_net",
            "name": "outscale_net",
            "provider": "provider[\"local/test/outscale\"]",
            "instances": [
                {
                    "schema_version": 0,
                    "attributes": {
                        "dhcp_options_set_id": "##id-2##",
                        "id": "##id-1##",
                        "ip_range": "10.0.0.0/16",
                        "net_id": "##id-1##",
                        "request_id": "########",
                        "state": "available",
                        "tags": [],
                        "tenancy": "default"
                    },
                    "sensitive_attributes": [],
                    "private": "bnVsbA=="
                }
            ]
        },
        {
            "mode": "managed",
            "type": "outscale_route",
            "name": "outscale_route",
            "provider": "provider[\"local/test/outscale\"]",
            "instances": [
                {
                    "schema_version": 0,
                    "attributes": {
                        "await_active_state": true,
                        "creation_method": "CreateRoute",
                        "destination_ip_range": "0.0.0.0/0",
                        "destination_service_id": "",
                        "gateway_id": "##id-0##",
                        "id": "##id-3##",
                        "nat_access_point": "",
                        "nat_service_id": "",
                        "net_peering_id": "",
                        "nic_id": "",
                        "request_id": "########",
                        "route_table_id": "##id-3##",
                        "state": "active",
                        "vm_account_id": "",
                        "vm_id": ""
                    },
                    "sensitive_attributes": [],
                    "private": "bnVsbA==",
                    "dependencies": [
                        "outscale_net.outscale_net",
                        "outscale_route_table.outscale_route_table",
                        "outscale_internet_service.outscale_internet_service"
                    ]
                }
            ]
        },
        {
            "mode": "managed",
            "type": "outscale_route_table",
            "name": "outscale_route_table",
            "provider": "provider[\"local/test/outscale\"]",
            "instances": [
                {
                    "schema_version": 0,
                    "attributes": {
                        "id": "##id-3##",
                        "link_route_tables": [
                            {
                                "link_route_table_id": "##id-4##",
                                "main": false,
                                "route_table_id": "##id-3##",
                                "route_table_to_subnet_link_id": "",
                                "subnet_id": "##id-5##"
                            }
                        ],
                        "net_id": "##id-1##",
                        "request_id": "########",
                        "route_propagating_virtual_gateways": [],
                        "route_table_id": "##id-3##",
                        "routes": [
                            {
                                "creation_method": "CreateRoute",
                                "destination_ip_range": "0.0.0.0/0",
                                "destination_service_id": "",
                                "gateway_id": "##id-0##",
                                "nat_service_id": "",
                                "net_access_point_id": "",
                                "net_peering_id": "",
                                "nic_id": "",
                                "state": "active",
                                "vm_account_id": "",
                                "vm_id": ""
                            },
                            {
                                "creation_method": "CreateRouteTable",
                                "destination_ip_range": "10.0.0.0/16",
                                "destination_service_id": "",
                                "gateway_id": "",
                                "nat_service_id": "",
                                "net_access_point_id": "",
                                "net_peering_id": "",
                                "nic_id": "",
                                "state": "active",
                                "vm_account_id": "",
                                "vm_id": ""
                            }
                        ],
                        "tags": [
                            {
                                "key": "name",
                                "value": "terraform-RT-lbu"
                            }
                        ]
                    },
                    "sensitive_attributes": [],
                    "private": "bnVsbA==",
                    "dependencies": [
                        "outscale_net.outscale_net"
                    ]
                }
            ]
        },
        {
            "mode": "managed",
            "type": "outscale_route_table_link",
            "name": "outscale_route_table_link",
            "provider": "provider[\"local/test/outscale\"]",
            "instances": [
                {
                    "schema_version": 0,
                    "attributes": {
                        "id": "##id-4##",
                        "link_route_table_id": "##id-4##",
                        "main": false,
                        "request_id": "########",
                        "route_table_id": "##id-3##",
                        "subnet_id": "##id-5##"
                    },
                    "sensitive_attributes": [],
                    "private": "bnVsbA==",
                    "dependencies": [
                        "outscale_route_table.outscale_route_table",
                        "outscale_subnet.subnet-1",
                        "outscale_net.outscale_net"
                    ]
                }
            ]
        },
        {
            "mode": "managed",
            "type": "outscale_security_group",
            "name": "outscale_security_group",
            "provider": "provider[\"local/test/outscale\"]",
            "instances": [
                {
                    "schema_version": 0,
                    "attributes": {
                        "account_id": "##id-6##",
                        "description": "test lbu-2",
                        "id": "##id-7##",
                        "inbound_rules": [],
                        "net_id": "##id-1##",
                        "outbound_rules": [
                            {
                                "from_port_range": -1,
                                "ip_protocol": "-1",
                                "ip_ranges": "########",
                                "security_groups_members": [],
                                "to_port_range": -1
                            }
                        ],
                        "request_id": "########",
                        "security_group_id": "##id-7##",
                        "security_group_name": "terraform-sg-lbu-1",
                        "tag": null,
                        "tags": [
                            {
                                "key": "Name",
                                "value": "outscale_terraform_lbu_sg"
                            }
                        ]
                    },
                    "sensitive_attributes": [],
                    "private": "bnVsbA==",
                    "dependencies": [
                        "outscale_net.outscale_net"
                    ]
                }
            ]
        },
        {
            "mode": "managed",
            "type": "outscale_security_group",
            "name": "outscale_security_group-2",
            "provider": "provider[\"local/test/outscale\"]",
            "instances": [
                {
                    "schema_version": 0,
                    "attributes": {
                        "account_id": "##id-6##",
                        "description": "test lbu-2",
                        "id": "##id-8##",
                        "inbound_rules": [],
                        "net_id": "##id-1##",
                        "outbound_rules": [
                            {
                                "from_port_range": -1,
                                "ip_protocol": "-1",
                                "ip_ranges": "########",
                                "security_groups_members": [],
                                "to_port_range": -1
                            }
                        ],
                        "request_id": "########",
                        "security_group_id": "##id-8##",
                        "security_group_name": "terraform-sg-lbu-2",
                        "tag": null,
                        "tags": [
                            {
                                "key": "Name",
                                "value": "outscale_terraform_lbu_sg_2"
                            }
                        ]
                    },
                    "sensitive_attributes": [],
                    "private": "bnVsbA==",
                    "dependencies": [
                        "outscale_net.outscale_net"
                    ]
                }
            ]
        },
        {
            "mode": "managed",
            "type": "outscale_subnet",
            "name": "subnet-1",
            "provider": "provider[\"local/test/outscale\"]",
            "instances": [
                {
                    "schema_version": 0,
                    "attributes": {
                        "available_ips_count": 251,
                        "id": "##id-5##",
                        "ip_range": "10.0.0.0/24",
                        "map_public_ip_on_launch": false,
                        "net_id": "##id-1##",
                        "request_id": "########",
                        "state": "available",
                        "subnet_id": "##id-5##",
                        "subregion_name": "###region###a",
                        "tags": [
                            {
                                "key": "Name",
                                "value": "outscale_terraform_lbu_subnet"
                            }
                        ],
                        "timeouts": null
                    },
                    "sensitive_attributes": [],
                    "private": "eyJlMmJmYjczMC1lY2FhLTExZTYtOGY4OC0zNDM2M2JjN2M0YzAiOnsiY3JlYXRlIjo2MDAwMDAwMDAwMDAsImRlbGV0ZSI6NjAwMDAwMDAwMDAwfX0=",
                    "dependencies": [
                        "outscale_net.outscale_net"
                    ]
                }
            ]
        }
    ]
}