{
    "version": "########",
    "terraform_version": "########",
    "serial": "########",
    "lineage": "########",
    "outputs": {},
    "resources": [
        {
            "mode": "managed",
            "type": "outscale_keypair",
            "name": "my_keypair",
            "provider": "provider[\"registry.terraform.io/outscale/outscale\"]",
            "instances": [
                {
                    "schema_version": 0,
                    "attributes": {
                        "id": "##id-0##",
                        "keypair_fingerprint": "########",
                        "keypair_id": "##id-0##",
                        "keypair_name": "########",
                        "keypair_type": "ssh-rsa",
                        "private_key": "########",
                        "public_key": null,
                        "request_id": "########",
                        "tags": [],
                        "timeouts": null
                    },
                    "sensitive_attributes": [],
                    "identity_schema_version": 0,
                    "dependencies": [
                        "random_string.suffix"
                    ]
                }
            ]
        },
        {
            "mode": "managed",
            "type": "outscale_public_ip",
            "name": "outscale_public_ip",
            "provider": "provider[\"registry.terraform.io/outscale/outscale\"]",
            "instances": [
                {
                    "schema_version": 0,
                    "attributes": {
                        "id": "##id-1##",
                        "link_public_ip_id": "",
                        "nic_account_id": "",
                        "nic_id": "",
                        "private_ip": "########",
                        "public_ip": "########",
                        "public_ip_id": "##id-1##",
                        "request_id": "########",
                        "tags": [
                            {
                                "key": "name",
                                "value": "public_ip"
                            }
                        ],
                        "timeouts": null,
                        "vm_id": ""
                    },
                    "sensitive_attributes": [],
                    "identity_schema_version": 0,
                    "private": "########"
                }
            ]
        },
        {
            "mode": "managed",
            "type": "outscale_public_ip_link",
            "name": "outscale_public_ip_link",
            "provider": "provider[\"registry.terraform.io/outscale/outscale\"]",
            "instances": [
                {
                    "schema_version": 0,
                    "attributes": {
                        "allow_relink": null,
                        "id": "##id-2##",
                        "link_public_ip_id": "##id-2##",
                        "nic_account_id": "##id-3##",
                        "nic_id": "##id-4##",
                        "private_ip": "########",
                        "public_ip": "########",
                        "public_ip_id": "##id-1##",
                        "request_id": "########",
                        "tags": [
                            {
                                "key": "name",
                                "value": "public_ip"
                            }
                        ],
                        "timeouts": null,
                        "vm_id": "##id-5##"
                    },
                    "sensitive_attributes": [],
                    "identity_schema_version": 0,
                    "private": "########",
                    "dependencies": [
                        "outscale_keypair.my_keypair",
                        "outscale_public_ip.outscale_public_ip",
                        "outscale_security_group.sgPub",
                        "outscale_vm.outscale_vm",
                        "random_string.suffix"
                    ]
                }
            ]
        },
        {
            "mode": "managed",
            "type": "outscale_security_group",
            "name": "sgPub",
            "provider": "provider[\"registry.terraform.io/outscale/outscale\"]",
            "instances": [
                {
                    "schema_version": 0,
                    "attributes": {
                        "account_id": "##id-3##",
                        "description": "sg for terraform tests",
                        "id": "##id-6##",
                        "inbound_rules": [],
                        "net_id": "",
                        "outbound_rules": [],
                        "remove_default_outbound_rule": false,
                        "request_id": "########",
                        "security_group_id": "##id-6##",
                        "security_group_name": "########",
                        "tags": [],
                        "timeouts": null
                    },
                    "sensitive_attributes": [],
                    "identity_schema_version": 0,
                    "dependencies": [
                        "random_string.suffix"
                    ]
                }
            ]
        },
        {
            "mode": "managed",
            "type": "outscale_vm",
            "name": "outscale_vm",
            "provider": "provider[\"registry.terraform.io/outscale/outscale\"]",
            "instances": [
                {
                    "schema_version": 0,
                    "attributes": {
                        "actions_on_next_boot": [
                            {
                                "secure_boot": ""
                            }
                        ],
                        "admin_password": "",
                        "architecture": "x86_64",
                        "block_device_mappings": [],
                        "block_device_mappings_created": [
                            {
                                "bsu": [
                                    {
                                        "delete_on_vm_deletion": true,
                                        "link_date": "########",
                                        "state": "attached",
                                        "tags": [],
                                        "volume_id": "##id-7##"
                                    }
                                ],
                                "device_name": "/dev/sda1"
                            }
                        ],
                        "boot_mode": "legacy",
                        "bsu_optimized": false,
                        "client_token": "",
                        "creation_date": "########",
                        "deletion_protection": false,
                        "get_admin_password": null,
                        "hypervisor": "xen",
                        "id": "##id-5##",
                        "image_id": "##id-8##",
                        "is_source_dest_checked": false,
                        "keypair_name": "########",
                        "keypair_name_wo": null,
                        "launch_number": 0,
                        "nested_virtualization": false,
                        "net_id": "",
                        "nics": [],
                        "os_family": "",
                        "performance": "medium",
                        "placement_subregion_name": "eu-west-2a",
                        "placement_tenancy": "default",
                        "primary_nic": [],
                        "private_dns_name": "########",
                        "private_ip": "########",
                        "private_ips": null,
                        "product_codes": [
                            "0001"
                        ],
                        "public_dns_name": "########",
                        "public_ip": "########",
                        "request_id": "########",
                        "reservation_id": "##id-9##",
                        "root_device_name": "/dev/sda1",
                        "root_device_type": "ebs",
                        "secure_boot_action": null,
                        "security_group_ids": [
                            "##id-6##"
                        ],
                        "security_group_names": "########",
                        "security_groups": [
                            {
                                "security_group_id": "##id-6##",
                                "security_group_name": "########"
                            }
                        ],
                        "state": "running",
                        "state_reason": "",
                        "subnet_id": "",
                        "tags": [],
                        "timeouts": null,
                        "tpm_enabled": false,
                        "user_data": "",
                        "vm_id": "##id-5##",
                        "vm_initiated_shutdown_behavior": "stop",
                        "vm_type": "###vm_type###"
                    },
                    "sensitive_attributes": [],
                    "identity_schema_version": 0,
                    "private": "########",
                    "dependencies": [
                        "outscale_keypair.my_keypair",
                        "outscale_security_group.sgPub",
                        "random_string.suffix"
                    ]
                }
            ]
        }
    ],
    "check_results": "########"
}