{
    "version": "########",
    "terraform_version": "########",
    "serial": "########",
    "lineage": "########",
    "outputs": {},
    "resources": [
        {
            "mode": "managed",
            "type": "outscale_ca",
            "name": "test_ca_1",
            "provider": "provider[\"registry.terraform.io/outscale/outscale\"]",
            "instances": [
                {
                    "schema_version": 0,
                    "attributes": {
                        "ca_fingerprint": "########",
                        "ca_id": "##id-0##",
                        "ca_pem": "########",
                        "description": "test-ca-update",
                        "id": "##id-0##",
                        "request_id": "########",
                        "timeouts": null
                    },
                    "sensitive_attributes": [],
                    "identity_schema_version": 0
                }
            ]
        }
    ],
    "check_results": "########"
}