{
    "version": "########",
    "terraform_version": "########",
    "serial": "########",
    "lineage": "########",
    "outputs": {},
    "resources": [
        {
            "mode": "managed",
            "type": "outscale_keypair",
            "name": "my_keypair",
            "provider": "provider[\"registry.terraform.io/outscale/outscale\"]",
            "instances": [
                {
                    "schema_version": 0,
                    "attributes": {
                        "id": "##id-0##",
                        "keypair_fingerprint": "########",
                        "keypair_name": "KP-TF147",
                        "private_key": "########",
                        "public_key": null,
                        "request_id": "########",
                        "timeouts": null
                    },
                    "sensitive_attributes": [],
                    "private": "eyJlMmJmYjczMC1lY2FhLTExZTYtOGY4OC0zNDM2M2JjN2M0YzAiOnsiY3JlYXRlIjo2MDAwMDAwMDAwMDAsImRlbGV0ZSI6NjAwMDAwMDAwMDAwLCJyZWFkIjo2MDAwMDAwMDAwMDB9fQ=="
                }
            ]
        },
        {
            "mode": "managed",
            "type": "outscale_vm",
            "name": "outscale_vm",
            "provider": "provider[\"registry.terraform.io/outscale/outscale\"]",
            "instances": [
                {
                    "schema_version": 0,
                    "attributes": {
                        "admin_password": "",
                        "architecture": "x86_64",
                        "block_device_mappings": [],
                        "block_device_mappings_created": [
                            {
                                "bsu": [
                                    {
                                        "delete_on_vm_deletion": true,
                                        "link_date": "########",
                                        "state": "attached",
                                        "volume_id": "##id-1##"
                                    }
                                ],
                                "device_name": "/dev/sda1"
                            }
                        ],
                        "bsu_optimized": false,
                        "client_token": "",
                        "creation_date": "########",
                        "deletion_protection": false,
                        "get_admin_password": null,
                        "hypervisor": "xen",
                        "id": "##id-2##",
                        "image_id": "##id-3##",
                        "is_source_dest_checked": true,
                        "keypair_name": "KP-TF147",
                        "launch_number": 0,
                        "nested_virtualization": false,
                        "net_id": "##id-4##",
                        "nics": [
                            {
                                "account_id": "##id-5##",
                                "delete_on_vm_deletion": true,
                                "description": "Primary network interface",
                                "device_number": 0,
                                "is_source_dest_checked": true,
                                "link_nic": [
                                    {
                                        "delete_on_vm_deletion": true,
                                        "device_number": "0",
                                        "link_nic_id": "##id-6##",
                                        "state": "attached"
                                    }
                                ],
                                "link_public_ip": [],
                                "mac_address": "########",
                                "net_id": "##id-4##",
                                "nic_id": "##id-7##",
                                "private_dns_name": "########",
                                "private_ips": [
                                    {
                                        "is_primary": true,
                                        "link_public_ip": [],
                                        "private_dns_name": "########",
                                        "private_ip": "########"
                                    }
                                ],
                                "secondary_private_ip_count": 0,
                                "security_group_ids": [
                                    "##id-8##"
                                ],
                                "security_groups": [
                                    {
                                        "security_group_id": "##id-8##",
                                        "security_group_name": "default"
                                    }
                                ],
                                "state": "in-use",
                                "subnet_id": "##id-9##"
                            }
                        ],
                        "os_family": "",
                        "performance": "high",
                        "placement_subregion_name": "eu-west-2a",
                        "placement_tenancy": "default",
                        "primary_nic": [
                            {
                                "account_id": "##id-5##",
                                "delete_on_vm_deletion": true,
                                "description": "Primary network interface",
                                "device_number": 0,
                                "is_source_dest_checked": true,
                                "link_nic": [
                                    {
                                        "delete_on_vm_deletion": true,
                                        "device_number": "0",
                                        "link_nic_id": "##id-6##",
                                        "state": "attached"
                                    }
                                ],
                                "link_public_ip": [],
                                "mac_address": "########",
                                "net_id": "##id-4##",
                                "nic_id": "##id-7##",
                                "private_dns_name": "########",
                                "private_ips": [
                                    {
                                        "is_primary": true,
                                        "link_public_ip": [],
                                        "private_dns_name": "########",
                                        "private_ip": "########"
                                    }
                                ],
                                "secondary_private_ip_count": 0,
                                "security_group_ids": [
                                    "##id-8##"
                                ],
                                "security_groups": [
                                    {
                                        "security_group_id": "##id-8##",
                                        "security_group_name": "default"
                                    }
                                ],
                                "state": "in-use",
                                "subnet_id": "##id-9##"
                            }
                        ],
                        "private_dns_name": "########",
                        "private_ip": "########",
                        "private_ips": null,
                        "product_codes": [
                            "0001"
                        ],
                        "public_dns_name": "########",
                        "public_ip": "########",
                        "request_id": "########",
                        "reservation_id": "##id-10##",
                        "root_device_name": "/dev/sda1",
                        "root_device_type": "ebs",
                        "security_group_ids": null,
                        "security_group_names": null,
                        "security_groups": [
                            {
                                "security_group_id": "##id-8##",
                                "security_group_name": "default"
                            }
                        ],
                        "state": "running",
                        "state_reason": "",
                        "subnet_id": "##id-9##",
                        "tags": [
                            {
                                "key": "name",
                                "value": "test-VM-private_only"
                            }
                        ],
                        "timeouts": null,
                        "user_data": "LS0tLS1CRUdJTiBPVVRTQ0FMRSBTRUNUSU9OLS0tLS0KCnByaXZhdGVfb25seT10cnVlCgotLS0tLUVORCBPVVRTQ0FMRSBTRUNUSU9OLS0tLS0=",
                        "vm_id": "##id-2##",
                        "vm_initiated_shutdown_behavior": "stop",
                        "vm_type": "###vm_type###"
                    },
                    "sensitive_attributes": [],
                    "private": "eyJlMmJmYjczMC1lY2FhLTExZTYtOGY4OC0zNDM2M2JjN2M0YzAiOnsiY3JlYXRlIjo2MDAwMDAwMDAwMDAsImRlbGV0ZSI6MzAwMDAwMDAwMDAwLCJyZWFkIjozMDAwMDAwMDAwMDAsInVwZGF0ZSI6MzAwMDAwMDAwMDAwfX0=",
                    "dependencies": [
                        "outscale_keypair.my_keypair"
                    ]
                }
            ]
        }
    ],
    "check_results": "########"
}