{
    "version": "########",
    "terraform_version": "########",
    "serial": "########",
    "lineage": "########",
    "outputs": {},
    "resources": [
        {
            "mode": "data",
            "type": "outscale_net_access_point_services",
            "name": "all-services",
            "provider": "provider[\"registry.terraform.io/outscale/outscale\"]",
            "instances": [
                {
                    "schema_version": 0,
                    "attributes": {
                        "filter": "########",
                        "id": "##id-0##",
                        "request_id": "########",
                        "services": [
                            {
                                "ip_ranges": "########",
                                "service_id": "##id-1##",
                                "service_name": "com.outscale.eu-west-2.kms"
                            },
                            {
                                "ip_ranges": "########",
                                "service_id": "##id-2##",
                                "service_name": "com.outscale.eu-west-2.directlink"
                            },
                            {
                                "ip_ranges": "########",
                                "service_id": "##id-3##",
                                "service_name": "com.outscale.eu-west-2.fcu"
                            },
                            {
                                "ip_ranges": "########",
                                "service_id": "##id-4##",
                                "service_name": "com.outscale.eu-west-2.icu"
                            },
                            {
                                "ip_ranges": "########",
                                "service_id": "##id-5##",
                                "service_name": "com.outscale.eu-west-2.lbu"
                            },
                            {
                                "ip_ranges": "########",
                                "service_id": "##id-6##",
                                "service_name": "com.outscale.eu-west-2.eim"
                            },
                            {
                                "ip_ranges": "########",
                                "service_id": "##id-7##",
                                "service_name": "com.outscale.eu-west-2.api"
                            },
                            {
                                "ip_ranges": "########",
                                "service_id": "##id-8##",
                                "service_name": "com.outscale.eu-west-2.oos"
                            },
                            {
                                "ip_ranges": "########",
                                "service_id": "##id-9##",
                                "service_name": "com.outscale.eu-west-2.osu"
                            }
                        ]
                    },
                    "sensitive_attributes": [],
                    "identity_schema_version": 0
                }
            ]
        }
    ],
    "check_results": "########"
}