{
    "version": "########",
    "terraform_version": "########",
    "serial": "########",
    "lineage": "########",
    "outputs": {},
    "resources": [
        {
            "mode": "data",
            "type": "outscale_cas",
            "name": "data_cas_1",
            "provider": "provider[\"registry.terraform.io/outscale/outscale\"]",
            "instances": [
                {
                    "schema_version": 0,
                    "attributes": {
                        "cas": [
                            {
                                "ca_fingerprint": "########",
                                "ca_id": "##id-0##",
                                "description": "test-TF199"
                            },
                            {
                                "ca_fingerprint": "########",
                                "ca_id": "##id-1##",
                                "description": "test-TF199-2"
                            }
                        ],
                        "filter": "########",
                        "id": "##id-2##",
                        "request_id": "########"
                    },
                    "sensitive_attributes": [],
                    "identity_schema_version": 0
                }
            ]
        },
        {
            "mode": "data",
            "type": "outscale_cas",
            "name": "data_cas_2",
            "provider": "provider[\"registry.terraform.io/outscale/outscale\"]",
            "instances": [
                {
                    "schema_version": 0,
                    "attributes": {
                        "cas": [
                            {
                                "ca_fingerprint": "########",
                                "ca_id": "##id-0##",
                                "description": "test-TF199"
                            },
                            {
                                "ca_fingerprint": "########",
                                "ca_id": "##id-1##",
                                "description": "test-TF199-2"
                            }
                        ],
                        "filter": "########",
                        "id": "##id-3##",
                        "request_id": "########"
                    },
                    "sensitive_attributes": [],
                    "identity_schema_version": 0
                }
            ]
        },
        {
            "mode": "managed",
            "type": "outscale_ca",
            "name": "new_ca_for_data",
            "provider": "provider[\"registry.terraform.io/outscale/outscale\"]",
            "instances": [
                {
                    "schema_version": 0,
                    "attributes": {
                        "ca_fingerprint": "########",
                        "ca_id": "##id-0##",
                        "ca_pem": "########",
                        "description": "test-TF199",
                        "id": "##id-0##",
                        "request_id": "########"
                    },
                    "sensitive_attributes": [],
                    "identity_schema_version": 0,
                    "private": "bnVsbA=="
                }
            ]
        },
        {
            "mode": "managed",
            "type": "outscale_ca",
            "name": "new_ca_for_data_2",
            "provider": "provider[\"registry.terraform.io/outscale/outscale\"]",
            "instances": [
                {
                    "schema_version": 0,
                    "attributes": {
                        "ca_fingerprint": "########",
                        "ca_id": "##id-1##",
                        "ca_pem": "########",
                        "description": "test-TF199-2",
                        "id": "##id-1##",
                        "request_id": "########"
                    },
                    "sensitive_attributes": [],
                    "identity_schema_version": 0,
                    "private": "bnVsbA=="
                }
            ]
        }
    ],
    "check_results": "########"
}