{
    "version": "########",
    "terraform_version": "########",
    "serial": "########",
    "lineage": "########",
    "outputs": {},
    "resources": [
        {
            "mode": "managed",
            "type": "outscale_image",
            "name": "outscale_image",
            "provider": "provider[\"local/test/outscale\"]",
            "instances": [
                {
                    "schema_version": 0,
                    "attributes": {
                        "account_alias": "",
                        "account_id": "##id-0##",
                        "architecture": "x86_64",
                        "block_device_mappings": [
                            {
                                "bsu": {
                                    "delete_on_vm_deletion": "true",
                                    "iops": "0",
                                    "snapshot_id": "##id-1##",
                                    "volume_size": "10",
                                    "volume_type": "standard"
                                },
                                "device_name": "/dev/sda1",
                                "no_device": "",
                                "virtual_device_name": ""
                            }
                        ],
                        "creation_date": "########",
                        "description": "",
                        "file_location": "########",
                        "id": "##id-2##",
                        "image_id": "##id-2##",
                        "image_name": "########",
                        "image_type": "machine",
                        "is_public": null,
                        "no_reboot": true,
                        "permissions_to_launch": [
                            {
                                "account_ids": [],
                                "global_permission": false
                            }
                        ],
                        "product_codes": [
                            "0001"
                        ],
                        "request_id": "########",
                        "root_device_name": "/dev/sda1",
                        "root_device_type": "bsu",
                        "source_image_id": null,
                        "source_region_name": null,
                        "state": "available",
                        "state_comment": {
                            "state_code": "",
                            "state_message": ""
                        },
                        "tags": [],
                        "timeouts": null,
                        "vm_id": "##id-3##"
                    },
                    "sensitive_attributes": [],
                    "private": "eyJlMmJmYjczMC1lY2FhLTExZTYtOGY4OC0zNDM2M2JjN2M0YzAiOnsiY3JlYXRlIjoyNDAwMDAwMDAwMDAwLCJkZWxldGUiOjI0MDAwMDAwMDAwMDAsInVwZGF0ZSI6MjQwMDAwMDAwMDAwMH19",
                    "dependencies": [
                        "outscale_keypair.my_keypair",
                        "outscale_vm.outscale_vm"
                    ]
                }
            ]
        },
        {
            "mode": "managed",
            "type": "outscale_image_launch_permission",
            "name": "outscale_image_launch_permission",
            "provider": "provider[\"local/test/outscale\"]",
            "instances": [
                {
                    "schema_version": 0,
                    "attributes": {
                        "description": "",
                        "id": "##id-2##",
                        "image_id": "##id-2##",
                        "permission_additions": [
                            {
                                "account_ids": [
                                    "123456789012"
                                ],
                                "global_permission": "false"
                            }
                        ],
                        "permission_removals": [],
                        "permissions_to_launch": [
                            {
                                "account_ids": [
                                    "123456789012"
                                ],
                                "global_permission": "false"
                            }
                        ],
                        "request_id": "########"
                    },
                    "sensitive_attributes": [],
                    "private": "bnVsbA==",
                    "dependencies": [
                        "outscale_image.outscale_image",
                        "outscale_keypair.my_keypair",
                        "outscale_vm.outscale_vm"
                    ]
                }
            ]
        },
        {
            "mode": "managed",
            "type": "outscale_keypair",
            "name": "my_keypair",
            "provider": "provider[\"local/test/outscale\"]",
            "instances": [
                {
                    "schema_version": 0,
                    "attributes": {
                        "id": "##id-4##",
                        "keypair_fingerprint": "########",
                        "keypair_name": "KP-TF68",
                        "private_key": "########",
                        "public_key": null,
                        "request_id": "########",
                        "timeouts": null
                    },
                    "sensitive_attributes": [],
                    "private": "eyJlMmJmYjczMC1lY2FhLTExZTYtOGY4OC0zNDM2M2JjN2M0YzAiOnsiY3JlYXRlIjo2MDAwMDAwMDAwMDAsImRlbGV0ZSI6NjAwMDAwMDAwMDAwLCJyZWFkIjo2MDAwMDAwMDAwMDB9fQ=="
                }
            ]
        },
        {
            "mode": "managed",
            "type": "outscale_vm",
            "name": "outscale_vm",
            "provider": "provider[\"local/test/outscale\"]",
            "instances": [
                {
                    "schema_version": 0,
                    "attributes": {
                        "admin_password": "",
                        "architecture": "x86_64",
                        "block_device_mappings": [],
                        "block_device_mappings_created": [
                            {
                                "bsu": {
                                    "delete_on_vm_deletion": "true",
                                    "link_date": "########",
                                    "state": "attached",
                                    "volume_id": "##id-5##"
                                },
                                "device_name": "/dev/sda1"
                            }
                        ],
                        "bsu_optimized": false,
                        "client_token": "",
                        "deletion_protection": false,
                        "get_admin_password": null,
                        "hypervisor": "xen",
                        "id": "##id-3##",
                        "image_id": "##id-6##",
                        "is_source_dest_checked": true,
                        "keypair_name": "KP-TF68",
                        "launch_number": 0,
                        "net_id": "",
                        "nics": [],
                        "os_family": "",
                        "performance": "high",
                        "placement_subregion_name": "###region###a",
                        "placement_tenancy": "default",
                        "private_dns_name": "########",
                        "private_ip": "########",
                        "private_ips": null,
                        "product_codes": [
                            "0001"
                        ],
                        "public_dns_name": "########",
                        "public_ip": "########",
                        "request_id": "########",
                        "reservation_id": "##id-7##",
                        "root_device_name": "/dev/sda1",
                        "root_device_type": "ebs",
                        "security_group_ids": null,
                        "security_group_names": null,
                        "security_groups": [
                            {
                                "security_group_id": "##id-8##",
                                "security_group_name": "default"
                            }
                        ],
                        "state": "running",
                        "state_reason": "",
                        "subnet_id": "",
                        "tags": [],
                        "timeouts": null,
                        "user_data": "",
                        "vm_id": "##id-3##",
                        "vm_initiated_shutdown_behavior": "stop",
                        "vm_type": "###vm_type###"
                    },
                    "sensitive_attributes": [],
                    "private": "eyJlMmJmYjczMC1lY2FhLTExZTYtOGY4OC0zNDM2M2JjN2M0YzAiOnsiY3JlYXRlIjo2MDAwMDAwMDAwMDAsImRlbGV0ZSI6NjAwMDAwMDAwMDAwLCJ1cGRhdGUiOjYwMDAwMDAwMDAwMH19",
                    "dependencies": [
                        "outscale_keypair.my_keypair"
                    ]
                }
            ]
        }
    ]
}
