{
    "version": "########",
    "terraform_version": "########",
    "serial": "########",
    "lineage": "########",
    "outputs": {},
    "resources": [
        {
            "mode": "managed",
            "type": "outscale_vm",
            "name": "outscale_vm_TF206",
            "provider": "provider[\"registry.terraform.io/outscale/outscale\"]",
            "instances": [
                {
                    "schema_version": 0,
                    "attributes": {
                        "actions_on_next_boot": [
                            {
                                "secure_boot": "enable"
                            }
                        ],
                        "admin_password": "",
                        "architecture": "x86_64",
                        "block_device_mappings": [],
                        "block_device_mappings_created": [
                            {
                                "bsu": [
                                    {
                                        "delete_on_vm_deletion": true,
                                        "link_date": "########",
                                        "state": "attached",
                                        "tags": [],
                                        "volume_id": "##id-0##"
                                    }
                                ],
                                "device_name": "/dev/sda1"
                            }
                        ],
                        "boot_mode": "uefi",
                        "bsu_optimized": false,
                        "client_token": "",
                        "creation_date": "########",
                        "deletion_protection": false,
                        "get_admin_password": null,
                        "hypervisor": "xen",
                        "id": "##id-1##",
                        "image_id": "##id-2##",
                        "is_source_dest_checked": false,
                        "keypair_name": "########",
                        "keypair_name_wo": null,
                        "launch_number": 0,
                        "nested_virtualization": false,
                        "net_id": "",
                        "nics": [],
                        "os_family": "",
                        "performance": "high",
                        "placement_subregion_name": "eu-west-2a",
                        "placement_tenancy": "default",
                        "primary_nic": [],
                        "private_dns_name": "########",
                        "private_ip": "########",
                        "private_ips": null,
                        "product_codes": [
                            "0001"
                        ],
                        "public_dns_name": "########",
                        "public_ip": "########",
                        "request_id": "########",
                        "reservation_id": "##id-3##",
                        "root_device_name": "/dev/sda1",
                        "root_device_type": "ebs",
                        "secure_boot_action": "enable",
                        "security_group_ids": [],
                        "security_group_names": "########",
                        "security_groups": [
                            {
                                "security_group_id": "##id-4##",
                                "security_group_name": "########"
                            }
                        ],
                        "state": "stopped",
                        "state_reason": "",
                        "subnet_id": "",
                        "tags": [
                            {
                                "key": "name",
                                "value": "VM_TF206"
                            }
                        ],
                        "timeouts": null,
                        "user_data": "",
                        "vm_id": "##id-1##",
                        "vm_initiated_shutdown_behavior": "stop",
                        "vm_type": "tinav5.c3r3"
                    },
                    "sensitive_attributes": [],
                    "identity_schema_version": 0,
                    "private": "########"
                }
            ]
        }
    ],
    "check_results": "########"
}