{
    "version": "########",
    "terraform_version": "########",
    "serial": "########",
    "lineage": "########",
    "outputs": {},
    "resources": [
        {
            "mode": "managed",
            "type": "outscale_net",
            "name": "outscale_net",
            "provider": "provider[\"registry.terraform.io/outscale/outscale\"]",
            "instances": [
                {
                    "schema_version": 0,
                    "attributes": {
                        "dhcp_options_set_id": "##id-0##",
                        "id": "##id-1##",
                        "ip_range": "10.10.0.0/24",
                        "net_id": "##id-1##",
                        "request_id": "########",
                        "state": "available",
                        "tags": [],
                        "tenancy": "default"
                    },
                    "sensitive_attributes": [],
                    "private": "bnVsbA=="
                }
            ]
        },
        {
            "mode": "managed",
            "type": "outscale_net",
            "name": "outscale_net2",
            "provider": "provider[\"registry.terraform.io/outscale/outscale\"]",
            "instances": [
                {
                    "schema_version": 0,
                    "attributes": {
                        "dhcp_options_set_id": "##id-0##",
                        "id": "##id-2##",
                        "ip_range": "10.32.0.0/16",
                        "net_id": "##id-2##",
                        "request_id": "########",
                        "state": "available",
                        "tags": [],
                        "tenancy": "default"
                    },
                    "sensitive_attributes": [],
                    "private": "bnVsbA=="
                }
            ]
        },
        {
            "mode": "managed",
            "type": "outscale_net_peering",
            "name": "outscale_net_peering",
            "provider": "provider[\"registry.terraform.io/outscale/outscale\"]",
            "instances": [
                {
                    "schema_version": 0,
                    "attributes": {
                        "accepter_net": [
                            {
                                "account_id": "##id-3##",
                                "ip_range": "10.10.0.0/24",
                                "net_id": "##id-1##"
                            }
                        ],
                        "accepter_net_id": "##id-1##",
                        "id": "##id-4##",
                        "net_peering_id": "##id-4##",
                        "request_id": "########",
                        "source_net": [
                            {
                                "account_id": "##id-3##",
                                "ip_range": "10.32.0.0/16",
                                "net_id": "##id-2##"
                            }
                        ],
                        "source_net_account_id": null,
                        "source_net_id": "##id-2##",
                        "state": [
                            {
                                "message": "########",
                                "name": "pending-acceptance"
                            }
                        ],
                        "tags": []
                    },
                    "sensitive_attributes": [],
                    "private": "bnVsbA==",
                    "dependencies": [
                        "outscale_net.outscale_net",
                        "outscale_net.outscale_net2"
                    ]
                }
            ]
        }
    ],
    "check_results": "########"
}