{
    "version": "########",
    "terraform_version": "########",
    "serial": "########",
    "lineage": "########",
    "outputs": {},
    "resources": [
        {
            "mode": "managed",
            "type": "outscale_net",
            "name": "outscale_net",
            "provider": "provider[\"registry.terraform.io/outscale/outscale\"]",
            "instances": [
                {
                    "index_key": 0,
                    "schema_version": 0,
                    "attributes": {
                        "dhcp_options_set_id": "##id-0##",
                        "id": "##id-1##",
                        "ip_range": "10.0.0.0/16",
                        "net_id": "##id-1##",
                        "request_id": "########",
                        "state": "available",
                        "tags": [
                            {
                                "key": "Name",
                                "value": "outscale_net_resource"
                            }
                        ],
                        "tenancy": "default"
                    },
                    "sensitive_attributes": [],
                    "private": "bnVsbA=="
                },
                {
                    "index_key": 1,
                    "schema_version": 0,
                    "attributes": {
                        "dhcp_options_set_id": "##id-0##",
                        "id": "##id-2##",
                        "ip_range": "10.0.0.0/16",
                        "net_id": "##id-2##",
                        "request_id": "########",
                        "state": "available",
                        "tags": [
                            {
                                "key": "Name",
                                "value": "outscale_net_resource"
                            }
                        ],
                        "tenancy": "default"
                    },
                    "sensitive_attributes": [],
                    "private": "bnVsbA=="
                }
            ]
        }
    ],
    "check_results": "########"
}