{
    "version": "########",
    "terraform_version": "########",
    "serial": "########",
    "lineage": "########",
    "outputs": {},
    "resources": [
        {
            "mode": "data",
            "type": "outscale_net_peerings",
            "name": "outscale_net_peerings",
            "provider": "provider[\"registry.terraform.io/outscale/outscale\"]",
            "instances": [
                {
                    "schema_version": 0,
                    "attributes": {
                        "filter": "########",
                        "id": "##id-0##",
                        "net_peerings": [
                            {
                                "accepter_net": [
                                    {
                                        "account_id": "##id-1##",
                                        "ip_range": "10.10.0.0/24",
                                        "net_id": "##id-2##"
                                    }
                                ],
                                "net_peering_id": "##id-3##",
                                "source_net": [
                                    {
                                        "account_id": "##id-1##",
                                        "ip_range": "10.31.0.0/16",
                                        "net_id": "##id-4##"
                                    }
                                ],
                                "state": [
                                    {
                                        "message": "########",
                                        "name": "pending-acceptance"
                                    }
                                ],
                                "tags": [
                                    {
                                        "key": "Key",
                                        "value": "value-tags"
                                    },
                                    {
                                        "key": "Key-2",
                                        "value": "value-tags-2"
                                    }
                                ]
                            },
                            {
                                "accepter_net": [
                                    {
                                        "account_id": "##id-1##",
                                        "ip_range": "10.10.0.0/24",
                                        "net_id": "##id-2##"
                                    }
                                ],
                                "net_peering_id": "##id-5##",
                                "source_net": [
                                    {
                                        "account_id": "##id-1##",
                                        "ip_range": "10.20.0.0/16",
                                        "net_id": "##id-6##"
                                    }
                                ],
                                "state": [
                                    {
                                        "message": "########",
                                        "name": "pending-acceptance"
                                    }
                                ],
                                "tags": []
                            }
                        ],
                        "request_id": "########"
                    },
                    "sensitive_attributes": []
                }
            ]
        },
        {
            "mode": "managed",
            "type": "outscale_net",
            "name": "outscale_net",
            "provider": "provider[\"registry.terraform.io/outscale/outscale\"]",
            "instances": [
                {
                    "index_key": 0,
                    "schema_version": 0,
                    "attributes": {
                        "dhcp_options_set_id": "##id-7##",
                        "id": "##id-2##",
                        "ip_range": "10.10.0.0/24",
                        "net_id": "##id-2##",
                        "request_id": "########",
                        "state": "available",
                        "tags": [
                            {
                                "key": "name",
                                "value": "net-1"
                            }
                        ],
                        "tenancy": "default"
                    },
                    "sensitive_attributes": [],
                    "private": "bnVsbA=="
                }
            ]
        },
        {
            "mode": "managed",
            "type": "outscale_net",
            "name": "outscale_net2",
            "provider": "provider[\"registry.terraform.io/outscale/outscale\"]",
            "instances": [
                {
                    "schema_version": 0,
                    "attributes": {
                        "dhcp_options_set_id": "##id-7##",
                        "id": "##id-4##",
                        "ip_range": "10.31.0.0/16",
                        "net_id": "##id-4##",
                        "request_id": "########",
                        "state": "available",
                        "tags": [
                            {
                                "key": "name",
                                "value": "net-2"
                            }
                        ],
                        "tenancy": "default"
                    },
                    "sensitive_attributes": [],
                    "private": "bnVsbA=="
                }
            ]
        },
        {
            "mode": "managed",
            "type": "outscale_net",
            "name": "outscale_net3",
            "provider": "provider[\"registry.terraform.io/outscale/outscale\"]",
            "instances": [
                {
                    "schema_version": 0,
                    "attributes": {
                        "dhcp_options_set_id": "##id-7##",
                        "id": "##id-6##",
                        "ip_range": "10.20.0.0/16",
                        "net_id": "##id-6##",
                        "request_id": "########",
                        "state": "available",
                        "tags": [
                            {
                                "key": "name",
                                "value": "net-3"
                            }
                        ],
                        "tenancy": "default"
                    },
                    "sensitive_attributes": [],
                    "private": "bnVsbA=="
                }
            ]
        },
        {
            "mode": "managed",
            "type": "outscale_net_peering",
            "name": "outscale_net_peering",
            "provider": "provider[\"registry.terraform.io/outscale/outscale\"]",
            "instances": [
                {
                    "schema_version": 0,
                    "attributes": {
                        "accepter_net": [
                            {
                                "account_id": "##id-1##",
                                "ip_range": "10.10.0.0/24",
                                "net_id": "##id-2##"
                            }
                        ],
                        "accepter_net_id": "##id-2##",
                        "id": "##id-3##",
                        "net_peering_id": "##id-3##",
                        "request_id": "########",
                        "source_net": [
                            {
                                "account_id": "##id-1##",
                                "ip_range": "10.31.0.0/16",
                                "net_id": "##id-4##"
                            }
                        ],
                        "source_net_account_id": null,
                        "source_net_id": "##id-4##",
                        "state": [
                            {
                                "message": "########",
                                "name": "pending-acceptance"
                            }
                        ],
                        "tags": [
                            {
                                "key": "Key",
                                "value": "value-tags"
                            },
                            {
                                "key": "Key-2",
                                "value": "value-tags-2"
                            }
                        ]
                    },
                    "sensitive_attributes": [],
                    "private": "bnVsbA==",
                    "dependencies": [
                        "outscale_net.outscale_net",
                        "outscale_net.outscale_net2"
                    ]
                }
            ]
        },
        {
            "mode": "managed",
            "type": "outscale_net_peering",
            "name": "outscale_net_peering2",
            "provider": "provider[\"registry.terraform.io/outscale/outscale\"]",
            "instances": [
                {
                    "schema_version": 0,
                    "attributes": {
                        "accepter_net": [
                            {
                                "account_id": "##id-1##",
                                "ip_range": "10.10.0.0/24",
                                "net_id": "##id-2##"
                            }
                        ],
                        "accepter_net_id": "##id-2##",
                        "id": "##id-5##",
                        "net_peering_id": "##id-5##",
                        "request_id": "########",
                        "source_net": [
                            {
                                "account_id": "##id-1##",
                                "ip_range": "10.20.0.0/16",
                                "net_id": "##id-6##"
                            }
                        ],
                        "source_net_account_id": null,
                        "source_net_id": "##id-6##",
                        "state": [
                            {
                                "message": "########",
                                "name": "pending-acceptance"
                            }
                        ],
                        "tags": []
                    },
                    "sensitive_attributes": [],
                    "private": "bnVsbA==",
                    "dependencies": [
                        "outscale_net.outscale_net",
                        "outscale_net.outscale_net3"
                    ]
                }
            ]
        }
    ],
    "check_results": "########"
}