{
    "version": "########",
    "terraform_version": "########",
    "serial": "########",
    "lineage": "########",
    "outputs": {},
    "resources": [
        {
            "mode": "data",
            "type": "outscale_subregions",
            "name": "subregion-2",
            "provider": "provider[\"registry.terraform.io/outscale/outscale\"]",
            "instances": [
                {
                    "schema_version": 0,
                    "attributes": {
                        "filter": "########",
                        "id": "##id-0##",
                        "request_id": "########",
                        "subregions": [
                            {
                                "location_code": "PAR1",
                                "region_name": "eu-west-2",
                                "state": "available",
                                "subregion_name": "eu-west-2a"
                            },
                            {
                                "location_code": "PAR4",
                                "region_name": "eu-west-2",
                                "state": "available",
                                "subregion_name": "eu-west-2b"
                            }
                        ]
                    },
                    "sensitive_attributes": [],
                    "identity_schema_version": 0
                }
            ]
        }
    ],
    "check_results": "########"
}