{
    "version": "########",
    "terraform_version": "########",
    "serial": "########",
    "lineage": "########",
    "outputs": {},
    "resources": [
        {
            "mode": "data",
            "type": "outscale_policies",
            "name": "Mypolicies01",
            "provider": "provider[\"registry.terraform.io/outscale/outscale\"]",
            "instances": [
                {
                    "schema_version": 0,
                    "attributes": {
                        "filter": "########",
                        "id": "##id-0##",
                        "policies": [
                            {
                                "creation_date": "########",
                                "description": "test-terraform-11",
                                "is_linkable": true,
                                "last_modification_date": "########",
                                "orn": "########",
                                "path": "/policy1/",
                                "policy_default_version_id": "##id-1##",
                                "policy_id": "##id-2##",
                                "policy_name": "########",
                                "resources_count": 0
                            }
                        ]
                    },
                    "sensitive_attributes": [],
                    "identity_schema_version": 0
                }
            ]
        },
        {
            "mode": "managed",
            "type": "outscale_policy",
            "name": "policy-1",
            "provider": "provider[\"registry.terraform.io/outscale/outscale\"]",
            "instances": [
                {
                    "schema_version": 0,
                    "attributes": {
                        "creation_date": "########",
                        "description": "test-terraform-11",
                        "document": "{\n    \"Statement\": [\n        {\n            \"Action\": [\n                \"api:*\"\n            ],\n            \"Effect\": \"Allow\",\n            \"Resource\": [\n                \"*\"\n            ]\n        }\n    ]\n}\n",
                        "id": "##id-3##",
                        "is_linkable": true,
                        "last_modification_date": "########",
                        "orn": "########",
                        "path": "/policy1/",
                        "policy_default_version_id": "##id-1##",
                        "policy_id": "##id-2##",
                        "policy_name": "########",
                        "resources_count": 0,
                        "timeouts": null
                    },
                    "sensitive_attributes": [],
                    "identity_schema_version": 0,
                    "dependencies": [
                        "random_string.suffix"
                    ]
                }
            ]
        },
        {
            "mode": "managed",
            "type": "outscale_policy",
            "name": "policy-12",
            "provider": "provider[\"registry.terraform.io/outscale/outscale\"]",
            "instances": [
                {
                    "schema_version": 0,
                    "attributes": {
                        "creation_date": "########",
                        "description": "test-terraform-12",
                        "document": "{\n    \"Statement\": [\n        {\n            \"Action\": [\n                \"api:Read*\"\n            ],\n            \"Effect\": \"Allow\",\n            \"Resource\": [\n                \"*\"\n            ]\n        }\n    ]\n}\n",
                        "id": "##id-4##",
                        "is_linkable": true,
                        "last_modification_date": "########",
                        "orn": "########",
                        "path": "/policy12/",
                        "policy_default_version_id": "##id-1##",
                        "policy_id": "##id-5##",
                        "policy_name": "########",
                        "resources_count": 0,
                        "timeouts": null
                    },
                    "sensitive_attributes": [],
                    "identity_schema_version": 0,
                    "dependencies": [
                        "random_string.suffix"
                    ]
                }
            ]
        },
        {
            "mode": "managed",
            "type": "outscale_policy_version",
            "name": "policy11-version-02",
            "provider": "provider[\"registry.terraform.io/outscale/outscale\"]",
            "instances": [
                {
                    "schema_version": 0,
                    "attributes": {
                        "body": "########",
                        "creation_date": "########",
                        "default_version": true,
                        "document": "{\n    \"Statement\": [\n        {\n            \"Action\": [\n                \"api:Read*\"\n            ],\n            \"Effect\": \"Allow\",\n            \"Resource\": [\n                \"*\"\n            ]\n        }\n    ]\n}\n",
                        "id": "##id-6##",
                        "policy_orn": "########",
                        "set_as_default": true,
                        "timeouts": null,
                        "version_id": "##id-7##"
                    },
                    "sensitive_attributes": [],
                    "identity_schema_version": 0,
                    "dependencies": [
                        "outscale_policy.policy-1",
                        "random_string.suffix"
                    ]
                }
            ]
        },
        {
            "mode": "managed",
            "type": "outscale_user",
            "name": "user-1",
            "provider": "provider[\"registry.terraform.io/outscale/outscale\"]",
            "instances": [
                {
                    "schema_version": 0,
                    "attributes": {
                        "creation_date": "########",
                        "id": "##id-8##",
                        "last_modification_date": "########",
                        "path": "/",
                        "policy": [
                            {
                                "creation_date": "########",
                                "default_version_id": "##id-7##",
                                "last_modification_date": "########",
                                "policy_id": "##id-2##",
                                "policy_name": "########",
                                "policy_orn": "########"
                            }
                        ],
                        "user_email": "customer-tooling@outscale.com",
                        "user_id": "##id-8##",
                        "user_name": "########"
                    },
                    "sensitive_attributes": [],
                    "identity_schema_version": 0,
                    "private": "########",
                    "dependencies": [
                        "outscale_policy.policy-1",
                        "random_string.suffix"
                    ]
                }
            ]
        },
        {
            "mode": "managed",
            "type": "outscale_user_group",
            "name": "group-1",
            "provider": "provider[\"registry.terraform.io/outscale/outscale\"]",
            "instances": [
                {
                    "schema_version": 0,
                    "attributes": {
                        "creation_date": "########",
                        "id": "##id-9##",
                        "last_modification_date": "########",
                        "orn": "########",
                        "path": "/terraform/",
                        "policy": [
                            {
                                "creation_date": "########",
                                "default_version_id": "##id-7##",
                                "last_modification_date": "########",
                                "policy_id": "##id-2##",
                                "policy_name": "########",
                                "policy_orn": "########"
                            }
                        ],
                        "user": [],
                        "user_group_id": "##id-9##",
                        "user_group_name": "########"
                    },
                    "sensitive_attributes": [],
                    "identity_schema_version": 0,
                    "private": "########",
                    "dependencies": [
                        "outscale_policy.policy-1",
                        "random_string.suffix"
                    ]
                }
            ]
        }
    ],
    "check_results": "########"
}