{
    "version": "########",
    "terraform_version": "########",
    "serial": "########",
    "lineage": "########",
    "outputs": {},
    "resources": [
        {
            "mode": "data",
            "type": "outscale_flexible_gpu_catalog",
            "name": "catalog-fGPU",
            "provider": "provider[\"registry.terraform.io/outscale-dev/outscale\"]",
            "instances": [
                {
                    "schema_version": 0,
                    "attributes": {
                        "filter": "########",
                        "flexible_gpu_catalog": [
                            {
                                "generations": [
                                    "v5"
                                ],
                                "max_cpu": 35,
                                "max_ram": 250,
                                "model_name": "nvidia-a100",
                                "v_ram": 40000
                            },
                            {
                                "generations": [
                                    "v5"
                                ],
                                "max_cpu": 80,
                                "max_ram": 512,
                                "model_name": "nvidia-p6",
                                "v_ram": 16000
                            },
                            {
                                "generations": [
                                    "v5"
                                ],
                                "max_cpu": 80,
                                "max_ram": 512,
                                "model_name": "nvidia-p100",
                                "v_ram": 16000
                            },
                            {
                                "generations": [
                                    "v3",
                                    "v4"
                                ],
                                "max_cpu": 80,
                                "max_ram": 512,
                                "model_name": "nvidia-k2",
                                "v_ram": 4096
                            },
                            {
                                "generations": [
                                    "v3",
                                    "v4"
                                ],
                                "max_cpu": 80,
                                "max_ram": 512,
                                "model_name": "nvidia-m60",
                                "v_ram": 16000
                            },
                            {
                                "generations": [
                                    "v5"
                                ],
                                "max_cpu": 35,
                                "max_ram": 250,
                                "model_name": "nvidia-v100",
                                "v_ram": 16000
                            }
                        ],
                        "id": "##id-0##",
                        "request_id": "########"
                    },
                    "sensitive_attributes": []
                }
            ]
        }
    ]
}