{
    "version": "########",
    "terraform_version": "########",
    "serial": "########",
    "lineage": "########",
    "outputs": {},
    "resources": [
        {
            "mode": "managed",
            "type": "outscale_flexible_gpu",
            "name": "fGPU-2",
            "provider": "provider[\"local/test/outscale\"]",
            "instances": [
                {
                    "schema_version": 0,
                    "attributes": {
                        "delete_on_vm_deletion": false,
                        "flexible_gpu_id": "##id-0##",
                        "generation": "v4",
                        "id": "##id-0##",
                        "model_name": "nvidia-k2",
                        "request_id": "########",
                        "state": "allocated",
                        "subregion_name": "###region###a",
                        "vm_id": ""
                    },
                    "sensitive_attributes": [],
                    "private": "bnVsbA=="
                }
            ]
        }
    ]
}