{
    "version": "########",
    "terraform_version": "########",
    "serial": "########",
    "lineage": "########",
    "outputs": {},
    "resources": [
        {
            "mode": "managed",
            "type": "outscale_keypair",
            "name": "my_keypair",
            "provider": "provider[\"local/test/outscale\"]",
            "instances": [
                {
                    "schema_version": 0,
                    "attributes": {
                        "id": "##id-0##",
                        "keypair_fingerprint": "########",
                        "keypair_name": "KP-TF93",
                        "private_key": "########",
                        "public_key": null,
                        "request_id": "########",
                        "timeouts": null
                    },
                    "sensitive_attributes": [],
                    "private": "eyJlMmJmYjczMC1lY2FhLTExZTYtOGY4OC0zNDM2M2JjN2M0YzAiOnsiY3JlYXRlIjo2MDAwMDAwMDAwMDAsImRlbGV0ZSI6NjAwMDAwMDAwMDAwLCJyZWFkIjo2MDAwMDAwMDAwMDB9fQ=="
                }
            ]
        },
        {
            "mode": "managed",
            "type": "outscale_load_balancer",
            "name": "public_lbu1",
            "provider": "provider[\"local/test/outscale\"]",
            "instances": [
                {
                    "schema_version": 0,
                    "attributes": {
                        "access_log": {
                            "is_enabled": "false",
                            "osu_bucket_name": "",
                            "osu_bucket_prefix": "",
                            "publication_interval": "60"
                        },
                        "application_sticky_cookie_policies": [],
                        "backend_vm_ids": [
                            "##id-1##",
                            "##id-2##"
                        ],
                        "dns_name": "########",
                        "health_check": {
                            "check_interval": "30",
                            "healthy_threshold": "10",
                            "path": "",
                            "port": "8080",
                            "protocol": "TCP",
                            "timeout": "5",
                            "unhealthy_threshold": "2"
                        },
                        "id": "##id-3##",
                        "listeners": [
                            {
                                "backend_port": 8080,
                                "backend_protocol": "HTTP",
                                "load_balancer_port": 8080,
                                "load_balancer_protocol": "HTTP",
                                "policy_names": [],
                                "server_certificate_id": ""
                            },
                            {
                                "backend_port": 80,
                                "backend_protocol": "TCP",
                                "load_balancer_port": 80,
                                "load_balancer_protocol": "TCP",
                                "policy_names": [],
                                "server_certificate_id": ""
                            }
                        ],
                        "load_balancer_name": "lbu-TF-93",
                        "load_balancer_sticky_cookie_policies": [],
                        "load_balancer_type": "internet-facing",
                        "net_id": "",
                        "request_id": "########",
                        "security_groups": [],
                        "source_security_group": {
                            "security_group_account_id": "##id-4##",
                            "security_group_name": "outscale-elb-sg"
                        },
                        "subnets": [],
                        "subregion_names": [
                            "###region###a"
                        ],
                        "tags": [
                            {
                                "key": "name",
                                "value": "public_lbu1"
                            }
                        ]
                    },
                    "sensitive_attributes": [],
                    "private": "bnVsbA=="
                }
            ]
        },
        {
            "mode": "managed",
            "type": "outscale_load_balancer_vms",
            "name": "outscale_load_balancer_vms",
            "provider": "provider[\"local/test/outscale\"]",
            "instances": [
                {
                    "schema_version": 0,
                    "attributes": {
                        "backend_vm_ids": [
                            "##id-1##"
                        ],
                        "id": "##id-5##",
                        "load_balancer_name": "lbu-TF-93",
                        "request_id": "########"
                    },
                    "sensitive_attributes": [],
                    "private": "bnVsbA==",
                    "dependencies": [
                        "outscale_load_balancer.public_lbu1",
                        "outscale_vm.outscale_vms_lbu"
                    ]
                }
            ]
        },
        {
            "mode": "managed",
            "type": "outscale_vm",
            "name": "outscale_vms_lbu",
            "provider": "provider[\"local/test/outscale\"]",
            "instances": [
                {
                    "index_key": 0,
                    "schema_version": 0,
                    "attributes": {
                        "admin_password": "",
                        "architecture": "x86_64",
                        "block_device_mappings": [],
                        "block_device_mappings_created": [
                            {
                                "bsu": {
                                    "delete_on_vm_deletion": "true",
                                    "link_date": "########",
                                    "state": "attached",
                                    "volume_id": "##id-6##"
                                },
                                "device_name": "/dev/sda1"
                            }
                        ],
                        "bsu_optimized": false,
                        "client_token": "",
                        "deletion_protection": false,
                        "get_admin_password": null,
                        "hypervisor": "xen",
                        "id": "##id-1##",
                        "image_id": "##id-7##",
                        "is_source_dest_checked": true,
                        "keypair_name": "KP-TF93",
                        "launch_number": 0,
                        "net_id": "",
                        "nics": [],
                        "os_family": "",
                        "performance": "high",
                        "placement_subregion_name": "###region###a",
                        "placement_tenancy": "default",
                        "private_dns_name": "########",
                        "private_ip": "########",
                        "private_ips": null,
                        "product_codes": [
                            "0001"
                        ],
                        "public_dns_name": "########",
                        "public_ip": "########",
                        "request_id": "########",
                        "reservation_id": "##id-8##",
                        "root_device_name": "/dev/sda1",
                        "root_device_type": "ebs",
                        "security_group_ids": null,
                        "security_group_names": null,
                        "security_groups": [
                            {
                                "security_group_id": "##id-9##",
                                "security_group_name": "default"
                            }
                        ],
                        "state": "running",
                        "state_reason": "",
                        "subnet_id": "",
                        "tags": [
                            {
                                "key": "Name",
                                "value": "Backend-Vms-mzi"
                            }
                        ],
                        "timeouts": null,
                        "user_data": "ICAgICAjIS9iaW4vYmFzaAogICAgcHVzaGQgL2hvbWUKICAgIG5vaHVwIHB5dGhvbiAtbSBTaW1wbGVIVFRQU2VydmVyIDgwODAK",
                        "vm_id": "##id-1##",
                        "vm_initiated_shutdown_behavior": "stop",
                        "vm_type": "###vm_type###"
                    },
                    "sensitive_attributes": [],
                    "private": "eyJlMmJmYjczMC1lY2FhLTExZTYtOGY4OC0zNDM2M2JjN2M0YzAiOnsiY3JlYXRlIjo2MDAwMDAwMDAwMDAsImRlbGV0ZSI6NjAwMDAwMDAwMDAwLCJ1cGRhdGUiOjYwMDAwMDAwMDAwMH19",
                    "dependencies": [
                        "outscale_keypair.my_keypair"
                    ]
                },
                {
                    "index_key": 1,
                    "schema_version": 0,
                    "attributes": {
                        "admin_password": "",
                        "architecture": "x86_64",
                        "block_device_mappings": [],
                        "block_device_mappings_created": [
                            {
                                "bsu": {
                                    "delete_on_vm_deletion": "true",
                                    "link_date": "########",
                                    "state": "attached",
                                    "volume_id": "##id-10##"
                                },
                                "device_name": "/dev/sda1"
                            }
                        ],
                        "bsu_optimized": false,
                        "client_token": "",
                        "deletion_protection": false,
                        "get_admin_password": null,
                        "hypervisor": "xen",
                        "id": "##id-2##",
                        "image_id": "##id-7##",
                        "is_source_dest_checked": true,
                        "keypair_name": "KP-TF93",
                        "launch_number": 0,
                        "net_id": "",
                        "nics": [],
                        "os_family": "",
                        "performance": "high",
                        "placement_subregion_name": "###region###a",
                        "placement_tenancy": "default",
                        "private_dns_name": "########",
                        "private_ip": "########",
                        "private_ips": null,
                        "product_codes": [
                            "0001"
                        ],
                        "public_dns_name": "########",
                        "public_ip": "########",
                        "request_id": "########",
                        "reservation_id": "##id-11##",
                        "root_device_name": "/dev/sda1",
                        "root_device_type": "ebs",
                        "security_group_ids": null,
                        "security_group_names": null,
                        "security_groups": [
                            {
                                "security_group_id": "##id-9##",
                                "security_group_name": "default"
                            }
                        ],
                        "state": "running",
                        "state_reason": "",
                        "subnet_id": "",
                        "tags": [
                            {
                                "key": "Name",
                                "value": "Backend-Vms-mzi"
                            }
                        ],
                        "timeouts": null,
                        "user_data": "ICAgICAjIS9iaW4vYmFzaAogICAgcHVzaGQgL2hvbWUKICAgIG5vaHVwIHB5dGhvbiAtbSBTaW1wbGVIVFRQU2VydmVyIDgwODAK",
                        "vm_id": "##id-2##",
                        "vm_initiated_shutdown_behavior": "stop",
                        "vm_type": "###vm_type###"
                    },
                    "sensitive_attributes": [],
                    "private": "eyJlMmJmYjczMC1lY2FhLTExZTYtOGY4OC0zNDM2M2JjN2M0YzAiOnsiY3JlYXRlIjo2MDAwMDAwMDAwMDAsImRlbGV0ZSI6NjAwMDAwMDAwMDAwLCJ1cGRhdGUiOjYwMDAwMDAwMDAwMH19",
                    "dependencies": [
                        "outscale_keypair.my_keypair"
                    ]
                }
            ]
        }
    ]
}