{
    "version": "########",
    "terraform_version": "########",
    "serial": "########",
    "lineage": "########",
    "outputs": {},
    "resources": [
        {
            "mode": "managed",
            "type": "outscale_volume",
            "name": "outscale_volume",
            "provider": "provider[\"registry.terraform.io/outscale/outscale\"]",
            "instances": [
                {
                    "schema_version": 0,
                    "attributes": {
                        "creation_date": "########",
                        "id": "##id-0##",
                        "iops": 100,
                        "linked_volumes": [],
                        "request_id": "########",
                        "size": 12,
                        "snapshot_id": "",
                        "state": "available",
                        "subregion_name": "eu-west-2a",
                        "tags": [],
                        "termination_snapshot_name": null,
                        "timeouts": null,
                        "volume_id": "##id-0##",
                        "volume_type": "gp2"
                    },
                    "sensitive_attributes": [],
                    "identity_schema_version": 0
                }
            ]
        }
    ],
    "check_results": "########"
}