{
    "version": "########",
    "terraform_version": "########",
    "serial": "########",
    "lineage": "########",
    "outputs": {},
    "resources": [
        {
            "mode": "managed",
            "type": "outscale_oos_bucket",
            "name": "bucket",
            "provider": "provider[\"registry.terraform.io/outscale/outscale\"]",
            "instances": [
                {
                    "schema_version": 0,
                    "attributes": {
                        "acl": "private",
                        "creation_date": "########",
                        "force_delete": false,
                        "grant": null,
                        "id": "##id-0##",
                        "location_name": null,
                        "name": "##id-0##",
                        "object_lock": {
                            "default_retention": null,
                            "enabled": false
                        },
                        "permissions": {
                            "grants": [
                                {
                                    "grantee": {
                                        "display_name": "########",
                                        "email_address": "########",
                                        "id": "##id-1##",
                                        "type": "CanonicalUser",
                                        "uri": null
                                    },
                                    "permission": "FULL_CONTROL"
                                }
                            ],
                            "owner": {
                                "display_name": "########",
                                "id": "##id-1##"
                            }
                        },
                        "timeouts": null
                    },
                    "sensitive_attributes": [],
                    "identity_schema_version": 0,
                    "dependencies": [
                        "random_string.suffix"
                    ]
                }
            ]
        }
    ],
    "check_results": "########"
}