{
    "version": "########",
    "terraform_version": "########",
    "serial": "########",
    "lineage": "########",
    "outputs": {},
    "resources": [
        {
            "mode": "managed",
            "type": "outscale_keypair",
            "name": "my_keypair",
            "provider": "provider[\"registry.terraform.io/outscale-dev/outscale\"]",
            "instances": [
                {
                    "schema_version": 0,
                    "attributes": {
                        "id": "##id-0##",
                        "keypair_fingerprint": "########",
                        "keypair_name": "KP-TF146",
                        "private_key": "########",
                        "public_key": null,
                        "request_id": "########",
                        "timeouts": null
                    },
                    "sensitive_attributes": [],
                    "private": "eyJlMmJmYjczMC1lY2FhLTExZTYtOGY4OC0zNDM2M2JjN2M0YzAiOnsiY3JlYXRlIjo2MDAwMDAwMDAwMDAsImRlbGV0ZSI6NjAwMDAwMDAwMDAwLCJyZWFkIjo2MDAwMDAwMDAwMDB9fQ=="
                }
            ]
        },
        {
            "mode": "managed",
            "type": "outscale_snapshot",
            "name": "my_snapshot",
            "provider": "provider[\"registry.terraform.io/outscale-dev/outscale\"]",
            "instances": [
                {
                    "schema_version": 0,
                    "attributes": {
                        "account_alias": "",
                        "account_id": "##id-1##",
                        "description": "",
                        "file_location": "########",
                        "id": "##id-2##",
                        "permissions_to_create_volume": [],
                        "progress": 100,
                        "request_id": "########",
                        "snapshot_id": "##id-2##",
                        "snapshot_size": null,
                        "source_region_name": null,
                        "source_snapshot_id": null,
                        "state": "completed",
                        "tags": [],
                        "volume_id": "##id-3##",
                        "volume_size": 20
                    },
                    "sensitive_attributes": [],
                    "private": "bnVsbA==",
                    "dependencies": [
                        "outscale_volume.my_volume"
                    ]
                }
            ]
        },
        {
            "mode": "managed",
            "type": "outscale_vm",
            "name": "outscale_vm2",
            "provider": "provider[\"registry.terraform.io/outscale-dev/outscale\"]",
            "instances": [
                {
                    "schema_version": 0,
                    "attributes": {
                        "admin_password": "",
                        "architecture": "x86_64",
                        "block_device_mappings": [
                            {
                                "bsu": [
                                    {
                                        "delete_on_vm_deletion": false,
                                        "iops": 0,
                                        "snapshot_id": "",
                                        "volume_size": 100,
                                        "volume_type": "standard"
                                    }
                                ],
                                "device_name": "/dev/sda1",
                                "no_device": "",
                                "virtual_device_name": ""
                            },
                            {
                                "bsu": [
                                    {
                                        "delete_on_vm_deletion": false,
                                        "iops": 0,
                                        "snapshot_id": "",
                                        "volume_size": 15,
                                        "volume_type": "standard"
                                    }
                                ],
                                "device_name": "/dev/sdb",
                                "no_device": "",
                                "virtual_device_name": ""
                            },
                            {
                                "bsu": [
                                    {
                                        "delete_on_vm_deletion": true,
                                        "iops": 150,
                                        "snapshot_id": "##id-2##",
                                        "volume_size": 22,
                                        "volume_type": "io1"
                                    }
                                ],
                                "device_name": "/dev/sdc",
                                "no_device": "",
                                "virtual_device_name": ""
                            }
                        ],
                        "block_device_mappings_created": [
                            {
                                "bsu": {
                                    "delete_on_vm_deletion": "false",
                                    "link_date": "########",
                                    "state": "attached",
                                    "volume_id": "##id-4##"
                                },
                                "device_name": "/dev/sda1"
                            },
                            {
                                "bsu": {
                                    "delete_on_vm_deletion": "false",
                                    "link_date": "########",
                                    "state": "attached",
                                    "volume_id": "##id-5##"
                                },
                                "device_name": "/dev/sdb"
                            },
                            {
                                "bsu": {
                                    "delete_on_vm_deletion": "true",
                                    "link_date": "########",
                                    "state": "attached",
                                    "volume_id": "##id-6##"
                                },
                                "device_name": "/dev/sdc"
                            }
                        ],
                        "bsu_optimized": false,
                        "client_token": "",
                        "deletion_protection": false,
                        "get_admin_password": null,
                        "hypervisor": "xen",
                        "id": "##id-7##",
                        "image_id": "##id-8##",
                        "is_source_dest_checked": true,
                        "keypair_name": "KP-TF146",
                        "launch_number": 0,
                        "net_id": "",
                        "nics": [],
                        "os_family": "",
                        "performance": "high",
                        "placement_subregion_name": "###region###a",
                        "placement_tenancy": "default",
                        "private_dns_name": "########",
                        "private_ip": "########",
                        "private_ips": null,
                        "product_codes": [
                            "0001"
                        ],
                        "public_dns_name": "########",
                        "public_ip": "########",
                        "request_id": "########",
                        "reservation_id": "##id-9##",
                        "root_device_name": "/dev/sda1",
                        "root_device_type": "ebs",
                        "security_group_ids": null,
                        "security_group_names": null,
                        "security_groups": [
                            {
                                "security_group_id": "##id-10##",
                                "security_group_name": "default"
                            }
                        ],
                        "state": "running",
                        "state_reason": "",
                        "subnet_id": "",
                        "tags": [],
                        "timeouts": null,
                        "user_data": "",
                        "vm_id": "##id-7##",
                        "vm_initiated_shutdown_behavior": "stop",
                        "vm_type": "###vm_type###"
                    },
                    "sensitive_attributes": [],
                    "private": "eyJlMmJmYjczMC1lY2FhLTExZTYtOGY4OC0zNDM2M2JjN2M0YzAiOnsiY3JlYXRlIjo2MDAwMDAwMDAwMDAsImRlbGV0ZSI6NjAwMDAwMDAwMDAwLCJ1cGRhdGUiOjYwMDAwMDAwMDAwMH19",
                    "dependencies": [
                        "outscale_keypair.my_keypair",
                        "outscale_snapshot.my_snapshot",
                        "outscale_volume.my_volume"
                    ]
                }
            ]
        },
        {
            "mode": "managed",
            "type": "outscale_volume",
            "name": "my_volume",
            "provider": "provider[\"registry.terraform.io/outscale-dev/outscale\"]",
            "instances": [
                {
                    "schema_version": 0,
                    "attributes": {
                        "id": "##id-3##",
                        "iops": 150,
                        "linked_volumes": [],
                        "request_id": "########",
                        "size": 20,
                        "snapshot_id": "",
                        "state": "available",
                        "subregion_name": "###region###a",
                        "tags": [],
                        "volume_id": "##id-3##",
                        "volume_type": "standard"
                    },
                    "sensitive_attributes": [],
                    "private": "bnVsbA=="
                }
            ]
        }
    ]
}