{
    "version": "########",
    "terraform_version": "########",
    "serial": "########",
    "lineage": "########",
    "outputs": {},
    "resources": [
        {
            "mode": "data",
            "type": "outscale_snapshot_export_task",
            "name": "data-1",
            "provider": "provider[\"local/test/outscale\"]",
            "instances": [
                {
                    "schema_version": 0,
                    "attributes": {
                        "comment": "########",
                        "dry_run": null,
                        "filter": "########",
                        "id": "##id-0##",
                        "osu_export": [
                            {
                                "disk_image_format": "raw",
                                "osu_bucket": "###osu_bucket_name###",
                                "osu_prefix": "prefix-194"
                            }
                        ],
                        "progress": 0,
                        "request_id": "########",
                        "snapshot_id": "##id-1##",
                        "state": "active",
                        "tags": [
                            {
                                "key": "test",
                                "value": "test"
                            }
                        ],
                        "task_id": "##id-0##",
                        "timeouts": null
                    },
                    "sensitive_attributes": []
                }
            ]
        },
        {
            "mode": "managed",
            "type": "outscale_snapshot",
            "name": "outscale_snapshot",
            "provider": "provider[\"local/test/outscale\"]",
            "instances": [
                {
                    "schema_version": 0,
                    "attributes": {
                        "account_alias": "",
                        "account_id": "##id-2##",
                        "description": "",
                        "file_location": null,
                        "id": "##id-1##",
                        "permissions_to_create_volume": [],
                        "progress": 100,
                        "request_id": "########",
                        "snapshot_id": "##id-1##",
                        "snapshot_size": null,
                        "source_region_name": null,
                        "source_snapshot_id": null,
                        "state": "completed",
                        "tags": [],
                        "volume_id": "##id-3##",
                        "volume_size": 5
                    },
                    "sensitive_attributes": [],
                    "private": "bnVsbA==",
                    "dependencies": [
                        "outscale_volume.outscale_volume_snap"
                    ]
                }
            ]
        },
        {
            "mode": "managed",
            "type": "outscale_snapshot_export_task",
            "name": "outscale_snapshot_export_task",
            "provider": "provider[\"local/test/outscale\"]",
            "instances": [
                {
                    "schema_version": 0,
                    "attributes": {
                        "comment": "########",
                        "id": "##id-0##",
                        "osu_export": [
                            {
                                "disk_image_format": "raw",
                                "osu_api_key": [
                                    {
                                        "api_key_id": "##id-4##",
                                        "secret_key": "########"
                                    }
                                ],
                                "osu_bucket": "###osu_bucket_name###",
                                "osu_prefix": "prefix-194"
                            }
                        ],
                        "progress": 0,
                        "request_id": "########",
                        "snapshot_id": "##id-1##",
                        "state": "active",
                        "tags": [
                            {
                                "key": "test",
                                "value": "test"
                            }
                        ],
                        "task_id": "##id-0##",
                        "timeouts": null
                    },
                    "sensitive_attributes": [],
                    "private": "eyJlMmJmYjczMC1lY2FhLTExZTYtOGY4OC0zNDM2M2JjN2M0YzAiOnsiY3JlYXRlIjoyNDAwMDAwMDAwMDAwLCJkZWxldGUiOjI0MDAwMDAwMDAwMDB9fQ==",
                    "dependencies": [
                        "outscale_snapshot.outscale_snapshot",
                        "outscale_volume.outscale_volume_snap"
                    ]
                }
            ]
        },
        {
            "mode": "managed",
            "type": "outscale_volume",
            "name": "outscale_volume_snap",
            "provider": "provider[\"local/test/outscale\"]",
            "instances": [
                {
                    "schema_version": 0,
                    "attributes": {
                        "id": "##id-3##",
                        "iops": 0,
                        "linked_volumes": [],
                        "request_id": "########",
                        "size": 5,
                        "snapshot_id": "",
                        "state": "available",
                        "subregion_name": "###region###a",
                        "tags": [],
                        "volume_id": "##id-3##",
                        "volume_type": "standard"
                    },
                    "sensitive_attributes": [],
                    "private": "bnVsbA=="
                }
            ]
        }
    ]
}