{
    "version": "########",
    "terraform_version": "########",
    "serial": "########",
    "lineage": "########",
    "outputs": {},
    "resources": [
        {
            "mode": "managed",
            "type": "outscale_internet_service",
            "name": "outscale_internet_service",
            "provider": "provider[\"registry.terraform.io/outscale/outscale\"]",
            "instances": [
                {
                    "schema_version": 0,
                    "attributes": {
                        "id": "##id-0##",
                        "internet_service_id": "##id-0##",
                        "net_id": "",
                        "request_id": "########",
                        "state": "",
                        "tags": [
                            {
                                "key": "name",
                                "value": "InternetService"
                            }
                        ]
                    },
                    "sensitive_attributes": [],
                    "private": "bnVsbA=="
                }
            ]
        },
        {
            "mode": "managed",
            "type": "outscale_internet_service_link",
            "name": "outscale_internet_service_link",
            "provider": "provider[\"registry.terraform.io/outscale/outscale\"]",
            "instances": [
                {
                    "schema_version": 0,
                    "attributes": {
                        "id": "##id-0##",
                        "internet_service_id": "##id-0##",
                        "net_id": "##id-1##",
                        "request_id": "########",
                        "state": "available",
                        "tags": [
                            {
                                "key": "name",
                                "value": "InternetService"
                            }
                        ]
                    },
                    "sensitive_attributes": [],
                    "private": "bnVsbA==",
                    "dependencies": [
                        "outscale_internet_service.outscale_internet_service",
                        "outscale_net.outscale_net"
                    ]
                }
            ]
        },
        {
            "mode": "managed",
            "type": "outscale_net",
            "name": "outscale_net",
            "provider": "provider[\"registry.terraform.io/outscale/outscale\"]",
            "instances": [
                {
                    "schema_version": 0,
                    "attributes": {
                        "dhcp_options_set_id": "##id-2##",
                        "id": "##id-1##",
                        "ip_range": "10.0.0.0/24",
                        "net_id": "##id-1##",
                        "request_id": "########",
                        "state": "available",
                        "tags": [
                            {
                                "key": "name",
                                "value": "Net"
                            }
                        ],
                        "tenancy": "default"
                    },
                    "sensitive_attributes": [],
                    "private": "bnVsbA=="
                }
            ]
        },
        {
            "mode": "managed",
            "type": "outscale_route",
            "name": "outscale_route",
            "provider": "provider[\"registry.terraform.io/outscale/outscale\"]",
            "instances": [
                {
                    "schema_version": 0,
                    "attributes": {
                        "await_active_state": true,
                        "creation_method": "CreateRoute",
                        "destination_ip_range": "10.0.0.0/16",
                        "destination_service_id": "",
                        "gateway_id": "##id-0##",
                        "id": "##id-3##",
                        "nat_access_point": "",
                        "nat_service_id": "",
                        "net_peering_id": "",
                        "nic_id": "",
                        "request_id": "########",
                        "route_table_id": "##id-4##",
                        "state": "active",
                        "vm_account_id": "",
                        "vm_id": ""
                    },
                    "sensitive_attributes": [],
                    "private": "bnVsbA==",
                    "dependencies": [
                        "outscale_internet_service.outscale_internet_service",
                        "outscale_internet_service_link.outscale_internet_service_link",
                        "outscale_net.outscale_net",
                        "outscale_route_table.outscale_route_table"
                    ]
                }
            ]
        },
        {
            "mode": "managed",
            "type": "outscale_route_table",
            "name": "outscale_route_table",
            "provider": "provider[\"registry.terraform.io/outscale/outscale\"]",
            "instances": [
                {
                    "schema_version": 0,
                    "attributes": {
                        "id": "##id-4##",
                        "link_route_tables": [],
                        "net_id": "##id-1##",
                        "request_id": "########",
                        "route_propagating_virtual_gateways": [],
                        "route_table_id": "##id-4##",
                        "routes": [
                            {
                                "creation_method": "CreateRouteTable",
                                "destination_ip_range": "10.0.0.0/24",
                                "destination_service_id": "",
                                "gateway_id": "",
                                "nat_service_id": "",
                                "net_access_point_id": "",
                                "net_peering_id": "",
                                "nic_id": "",
                                "state": "active",
                                "vm_account_id": "",
                                "vm_id": ""
                            }
                        ],
                        "tags": [
                            {
                                "key": "name",
                                "value": "Route-Table"
                            }
                        ]
                    },
                    "sensitive_attributes": [],
                    "private": "bnVsbA==",
                    "dependencies": [
                        "outscale_net.outscale_net"
                    ]
                }
            ]
        }
    ],
    "check_results": "########"
}